Component: ARM Compiler 5.06 update 1 (build 61) Tool: armlink [4d35a8]

==============================================================================

Section Cross References

    main.o(.text) refers to misc.o(.text) for NVIC_PriorityGroupConfig
    main.o(.text) refers to delay.o(.text) for delay_init
    main.o(.text) refers to led.o(.text) for LED_Init
    main.o(.text) refers to key.o(.text) for KEY_Init
    main.o(.text) refers to spi.o(.text) for SPI1_Init
    main.o(.text) refers to tft.o(.text) for Lcd_Init
    main.o(.text) refers to flash.o(.text) for SPI_Flash_Init
    main.o(.text) refers to gui.o(.text) for GUI_Clear
    main.o(.text) refers to rtc.o(.text) for My_RTC_Init
    main.o(.text) refers to dht11.o(.text) for DHT11_gpio_Init
    main.o(.text) refers to bleesp.o(.text) for ble_esp_test
    system_stm32f4xx.o(.text) refers to system_stm32f4xx.o(.data) for SystemCoreClock
    stm32f4xx_gpio.o(.text) refers to stm32f4xx_rcc.o(.text) for RCC_AHB1PeriphResetCmd
    stm32f4xx_rcc.o(.text) refers to stm32f4xx_rcc.o(.data) for APBAHBPrescTable
    stm32f4xx_usart.o(.text) refers to stm32f4xx_rcc.o(.text) for RCC_APB2PeriphResetCmd
    stm32f4xx_syscfg.o(.text) refers to stm32f4xx_rcc.o(.text) for RCC_APB2PeriphResetCmd
    stm32f4xx_spi.o(.text) refers to stm32f4xx_rcc.o(.text) for RCC_APB2PeriphResetCmd
    stm32f4xx_sdio.o(.text) refers to stm32f4xx_rcc.o(.text) for RCC_APB2PeriphResetCmd
    stm32f4xx_pwr.o(.text) refers to stm32f4xx_rcc.o(.text) for RCC_APB1PeriphResetCmd
    startup_stm32f40_41xxx.o(STACK) refers (Special) to heapauxi.o(.text) for __use_two_region_memory
    startup_stm32f40_41xxx.o(HEAP) refers (Special) to heapauxi.o(.text) for __use_two_region_memory
    startup_stm32f40_41xxx.o(RESET) refers (Special) to heapauxi.o(.text) for __use_two_region_memory
    startup_stm32f40_41xxx.o(RESET) refers to startup_stm32f40_41xxx.o(STACK) for __initial_sp
    startup_stm32f40_41xxx.o(RESET) refers to startup_stm32f40_41xxx.o(.text) for Reset_Handler
    startup_stm32f40_41xxx.o(RESET) refers to stm32f4xx_it.o(.text) for NMI_Handler
    startup_stm32f40_41xxx.o(RESET) refers to rtc.o(.text) for RTC_WKUP_IRQHandler
    startup_stm32f40_41xxx.o(RESET) refers to usart.o(.text) for USART1_IRQHandler
    startup_stm32f40_41xxx.o(.text) refers (Special) to heapauxi.o(.text) for __use_two_region_memory
    startup_stm32f40_41xxx.o(.text) refers to system_stm32f4xx.o(.text) for SystemInit
    startup_stm32f40_41xxx.o(.text) refers to __main.o(!!!main) for __main
    startup_stm32f40_41xxx.o(.text) refers to startup_stm32f40_41xxx.o(HEAP) for Heap_Mem
    startup_stm32f40_41xxx.o(.text) refers to startup_stm32f40_41xxx.o(STACK) for Stack_Mem
    delay.o(.text) refers to misc.o(.text) for SysTick_CLKSourceConfig
    delay.o(.text) refers to delay.o(.data) for fac_us
    led.o(.text) refers to stm32f4xx_rcc.o(.text) for RCC_AHB1PeriphClockCmd
    led.o(.text) refers to stm32f4xx_gpio.o(.text) for GPIO_Init
    key.o(.text) refers to stm32f4xx_rcc.o(.text) for RCC_AHB1PeriphClockCmd
    key.o(.text) refers to stm32f4xx_gpio.o(.text) for GPIO_Init
    spi.o(.text) refers to stm32f4xx_spi.o(.text) for SPI_I2S_GetFlagStatus
    spi.o(.text) refers to stm32f4xx_rcc.o(.text) for RCC_AHB1PeriphClockCmd
    spi.o(.text) refers to stm32f4xx_gpio.o(.text) for GPIO_Init
    flash.o(.text) refers to stm32f4xx_rcc.o(.text) for RCC_AHB1PeriphClockCmd
    flash.o(.text) refers to stm32f4xx_gpio.o(.text) for GPIO_Init
    flash.o(.text) refers to spi.o(.text) for SPI1_ReadWriteByte
    flash.o(.text) refers to delay.o(.text) for delay_us
    flash.o(.text) refers to tft.o(.text) for Address_set
    flash.o(.text) refers to flash.o(.bss) for SPI_FLASH_BUF
    xpt2046.o(.text) refers to flash.o(.text) for SPI_Flash_Read
    xpt2046.o(.text) refers to stm32f4xx_rcc.o(.text) for RCC_AHB1PeriphClockCmd
    xpt2046.o(.text) refers to stm32f4xx_gpio.o(.text) for GPIO_Init
    xpt2046.o(.text) refers to delay.o(.text) for delay_us
    xpt2046.o(.text) refers to dflt_clz.o(x$fpl$dfltu) for __aeabi_ui2d
    xpt2046.o(.text) refers to dmul.o(x$fpl$dmul) for __aeabi_dmul
    xpt2046.o(.text) refers to daddsub_clz.o(x$fpl$dsub) for __aeabi_dsub
    xpt2046.o(.text) refers to daddsub_clz.o(x$fpl$drsb) for __aeabi_drsub
    xpt2046.o(.text) refers to dfixu.o(x$fpl$dfixu) for __aeabi_d2uiz
    xpt2046.o(.text) refers to xpt2046.o(.bss) for flash_tp
    xpt2046.o(.text) refers to xpt2046.o(.data) for T_flash
    bleesp.o(.text) refers to _printf_pad.o(.text) for _printf_pre_padding
    bleesp.o(.text) refers to _printf_percent.o(.ARM.Collect$$_printf_percent$$00000000) for _printf_percent
    bleesp.o(.text) refers to _printf_x.o(.ARM.Collect$$_printf_percent$$0000000C) for _printf_x
    bleesp.o(.text) refers to _printf_hex_int.o(.text) for _printf_longlong_hex
    bleesp.o(.text) refers to gui.o(.text) for GUI_box
[...]
    .ARM.Collect$$libinit$$00000015          0x0800024c   Section        0  libinit2.o(.ARM.Collect$$libinit$$00000015)
    .ARM.Collect$$libinit$$00000017          0x0800024c   Section        0  libinit2.o(.ARM.Collect$$libinit$$00000017)
    .ARM.Collect$$libinit$$00000019          0x0800024c   Section        0  libinit2.o(.ARM.Collect$$libinit$$00000019)
    .ARM.Collect$$libinit$$0000001B          0x0800024c   Section        0  libinit2.o(.ARM.Collect$$libinit$$0000001B)
    .ARM.Collect$$libinit$$0000001D          0x0800024c   Section        0  libinit2.o(.ARM.Collect$$libinit$$0000001D)
    .ARM.Collect$$libinit$$0000001F          0x0800024c   Section        0  libinit2.o(.ARM.Collect$$libinit$$0000001F)
    .ARM.Collect$$libinit$$00000021          0x0800024c   Section        0  libinit2.o(.ARM.Collect$$libinit$$00000021)
    .ARM.Collect$$libinit$$00000023          0x0800024c   Section        0  libinit2.o(.ARM.Collect$$libinit$$00000023)
    .ARM.Collect$$libinit$$00000025          0x0800024c   Section        0  libinit2.o(.ARM.Collect$$libinit$$00000025)
    .ARM.Collect$$libinit$$0000002C          0x0800024c   Section        0  libinit2.o(.ARM.Collect$$libinit$$0000002C)
    .ARM.Collect$$libinit$$0000002E          0x0800024c   Section        0  libinit2.o(.ARM.Collect$$libinit$$0000002E)
    .ARM.Collect$$libinit$$00000030          0x0800024c   Section        0  libinit2.o(.ARM.Collect$$libinit$$00000030)
    .ARM.Collect$$libinit$$00000032          0x0800024c   Section        0  libinit2.o(.ARM.Collect$$libinit$$00000032)
    .ARM.Collect$$libinit$$00000033          0x0800024c   Section        2  libinit2.o(.ARM.Collect$$libinit$$00000033)
    .ARM.Collect$$libshutdown$$00000000      0x0800024e   Section        2  libshutdown.o(.ARM.Collect$$libshutdown$$00000000)
    .ARM.Collect$$libshutdown$$00000002      0x08000250   Section        0  libshutdown2.o(.ARM.Collect$$libshutdown$$00000002)
    .ARM.Collect$$libshutdown$$00000004      0x08000250   Section        0  libshutdown2.o(.ARM.Collect$$libshutdown$$00000004)
    .ARM.Collect$$libshutdown$$00000007      0x08000250   Section        0  libshutdown2.o(.ARM.Collect$$libshutdown$$00000007)
    .ARM.Collect$$libshutdown$$0000000A      0x08000250   Section        0  libshutdown2.o(.ARM.Collect$$libshutdown$$0000000A)
    .ARM.Collect$$libshutdown$$0000000C      0x08000250   Section        0  libshutdown2.o(.ARM.Collect$$libshutdown$$0000000C)
    .ARM.Collect$$libshutdown$$0000000F      0x08000250   Section        0  libshutdown2.o(.ARM.Collect$$libshutdown$$0000000F)
    .ARM.Collect$$libshutdown$$00000010      0x08000250   Section        2  libshutdown2.o(.ARM.Collect$$libshutdown$$00000010)
    .ARM.Collect$$rtentry$$00000000          0x08000252   Section        0  __rtentry.o(.ARM.Collect$$rtentry$$00000000)
    .ARM.Collect$$rtentry$$00000002          0x08000252   Section        0  __rtentry2.o(.ARM.Collect$$rtentry$$00000002)
    .ARM.Collect$$rtentry$$00000004          0x08000252   Section        6  __rtentry4.o(.ARM.Collect$$rtentry$$00000004)
    .ARM.Collect$$rtentry$$00000009          0x08000258   Section        0  __rtentry2.o(.ARM.Collect$$rtentry$$00000009)
    .ARM.Collect$$rtentry$$0000000A          0x08000258   Section        4  __rtentry2.o(.ARM.Collect$$rtentry$$0000000A)
    .ARM.Collect$$rtentry$$0000000C          0x0800025c   Section        0  __rtentry2.o(.ARM.Collect$$rtentry$$0000000C)
    .ARM.Collect$$rtentry$$0000000D          0x0800025c   Section        8  __rtentry2.o(.ARM.Collect$$rtentry$$0000000D)
    .ARM.Collect$$rtexit$$00000000           0x08000264   Section        2  rtexit.o(.ARM.Collect$$rtexit$$00000000)
    .ARM.Collect$$rtexit$$00000002           0x08000266   Section        0  rtexit2.o(.ARM.Collect$$rtexit$$00000002)
    .ARM.Collect$$rtexit$$00000003           0x08000266   Section        4  rtexit2.o(.ARM.Collect$$rtexit$$00000003)
    .ARM.Collect$$rtexit$$00000004           0x0800026a   Section        6  rtexit2.o(.ARM.Collect$$rtexit$$00000004)
    .text                                    0x08000270   Section        0  main.o(.text)
    .text                                    0x080002ba   Section        0  stm32f4xx_it.o(.text)
    .text                                    0x080002d4   Section        0  system_stm32f4xx.o(.text)
    SetSysClock                              0x080002d5   Thumb Code   220  system_stm32f4xx.o(.text)
    .text                                    0x080004e4   Section        0  misc.o(.text)
    .text                                    0x080005c4   Section        0  stm32f4xx_gpio.o(.text)
    .text                                    0x08000858   Section        0  stm32f4xx_rcc.o(.text)
    .text                                    0x08000eb4   Section        0  stm32f4xx_usart.o(.text)
    .text                                    0x08001308   Section        0  stm32f4xx_spi.o(.text)
    .text                                    0x08001788   Section        0  stm32f4xx_rtc.o(.text)
    RTC_ByteToBcd2                           0x08001a1b   Thumb Code    28  stm32f4xx_rtc.o(.text)
    RTC_Bcd2ToByte                           0x08001a37   Thumb Code    22  stm32f4xx_rtc.o(.text)
    .text                                    0x080024f0   Section        0  stm32f4xx_pwr.o(.text)
    .text                                    0x0800265c   Section        0  stm32f4xx_exti.o(.text)
    .text                                    0x0800276c   Section       64  startup_stm32f40_41xxx.o(.text)
    $v0                                      0x0800276c   Number         0  startup_stm32f40_41xxx.o(.text)
    .text                                    0x080027ac   Section        0  delay.o(.text)
    .text                                    0x080028b0   Section        0  led.o(.text)
    .text                                    0x08002920   Section        0  key.o(.text)
    .text                                    0x08002950   Section        0  spi.o(.text)
    .text                                    0x08002a68   Section        0  flash.o(.text)
    .text                                    0x08002e80   Section        0  xpt2046.o(.text)
    .text                                    0x080032a8   Section        0  bleesp.o(.text)
    .text                                    0x08003f74   Section        0  dht11.o(.text)
    .text                                    0x080041b0   Section        0  rtc.o(.text)
    .text                                    0x08004e78   Section        0  usart.o(.text)
    .text                                    0x08005260   Section        0  tft.o(.text)
    .text                                    0x08005910   Section        0  gui.o(.text)
    .text                                    0x08006748   Section        2  use_no_semi_2.o(.text)
    .text                                    0x0800674c   Section        0  noretval__2printf.o(.text)
    .text                                    0x08006764   Section        0  noretval__2sprintf.o(.text)
    .text                                    0x0800678c   Section        0  _printf_pad.o(.text)
    .text                                    0x080067dc   Section        0  _printf_hex_int.o(.text)
    .text                                    0x08006834   Section        0  __printf_wp.o(.text)
    .text                                    0x08006942   Section        0  strstr.o(.text)
    .text                                    0x08006966   Section       68  rt_memclr.o(.text)
    .text                                    0x080069aa   Section        0  heapauxi.o(.text)
    .text                                    0x080069b0   Section        2  use_no_semi.o(.text)
    .text                                    0x080069b2   Section        0  _printf_intcommon.o(.text)
    .text                                    0x08006a64   Section        0  _printf_char_common.o(.text)
    _printf_input_char                       0x08006a65   Thumb Code    10  _printf_char_common.o(.text)
    .text                                    0x08006a94   Section        0  _sputc.o(.text)
    .text                                    0x08006aa0   Section        0  _printf_char_file.o(.text)
    .text                                    0x08006ac4   Section       78  rt_memclr_w.o(.text)
    .text                                    0x08006b12   Section        0  ferror.o(.text)
    .text                                    0x08006b1a   Section       74  sys_stackheap_outer.o(.text)
    .text                                    0x08006b64   Section        0  exit.o(.text)
    .text                                    0x08006b78   Section        8  libspace.o(.text)
    i._is_digit                              0x08006b80   Section        0  __printf_wp.o(i._is_digit)
    x$fpl$dadd                               0x08006b90   Section      336  daddsub_clz.o(x$fpl$dadd)
    $v0                                      0x08006b90   Number         0  daddsub_clz.o(x$fpl$dadd)
    _dadd1                                   0x08006ba1   Thumb Code     0  daddsub_clz.o(x$fpl$dadd)
    x$fpl$dfixu                              0x08006ce0   Section       90  dfixu.o(x$fpl$dfixu)
    $v0                                      0x08006ce0   Number         0  dfixu.o(x$fpl$dfixu)
    x$fpl$dfltu                              0x08006d3a   Section       38  dflt_clz.o(x$fpl$dfltu)
    $v0                                      0x08006d3a   Number         0  dflt_clz.o(x$fpl$dfltu)
    x$fpl$dmul                               0x08006d60   Section      340  dmul.o(x$fpl$dmul)
    $v0                                      0x08006d60   Number         0  dmul.o(x$fpl$dmul)
    x$fpl$dnaninf                            0x08006eb4   Section      156  dnaninf.o(x$fpl$dnaninf)
    $v0                                      0x08006eb4   Number         0  dnaninf.o(x$fpl$dnaninf)
    x$fpl$dretinf                            0x08006f50   Section       12  dretinf.o(x$fpl$dretinf)
    $v0                                      0x08006f50   Number         0  dretinf.o(x$fpl$dretinf)
    x$fpl$drsb                               0x08006f5c   Section       22  daddsub_clz.o(x$fpl$drsb)
    $v0                                      0x08006f5c   Number         0  daddsub_clz.o(x$fpl$drsb)
    x$fpl$dsub                               0x08006f74   Section      468  daddsub_clz.o(x$fpl$dsub)
    $v0                                      0x08006f74   Number         0  daddsub_clz.o(x$fpl$dsub)
    _dsub1                                   0x08006f85   Thumb Code     0  daddsub_clz.o(x$fpl$dsub)
    x$fpl$fpinit                             0x08007148   Section       10  fpinit.o(x$fpl$fpinit)
    $v0                                      0x08007148   Number         0  fpinit.o(x$fpl$fpinit)
    .constdata                               0x08007152   Section     5786  gui.o(.constdata)
    x$fpl$usenofp                            0x08007152   Section        0  usenofp.o(x$fpl$usenofp)
    .constdata                               0x080087ec   Section       40  _printf_hex_int.o(.constdata)
    uc_hextab                                0x080087ec   Data          20  _printf_hex_int.o(.constdata)
    lc_hextab                                0x08008800   Data          20  _printf_hex_int.o(.constdata)
    .data                                    0x20000000   Section       20  system_stm32f4xx.o(.data)
    .data                                    0x20000014   Section       16  stm32f4xx_rcc.o(.data)
    APBAHBPrescTable                         0x20000014   Data          16  stm32f4xx_rcc.o(.data)
    .data                                    0x20000024   Section        4  delay.o(.data)
    fac_us                                   0x20000024   Data           1  delay.o(.data)
    fac_ms                                   0x20000026   Data           2  delay.o(.data)
    .data                                    0x20000028   Section       10  xpt2046.o(.data)
    .data                                    0x20000034   Section      304  bleesp.o(.data)
    .data                                    0x20000164   Section       18  dht11.o(.data)
    .data                                    0x20000176   Section       13  rtc.o(.data)
    .data                                    0x20000184   Section       12  usart.o(.data)
    .data                                    0x20000190   Section        2  tft.o(.data)
    .bss                                     0x20000194   Section     4608  flash.o(.bss)
    .bss                                     0x20001394   Section        9  xpt2046.o(.bss)
    .bss                                     0x2000139d   Section       20  bleesp.o(.bss)
    .bss                                     0x200013b1   Section      280  usart.o(.bss)
    .bss                                     0x200014cc   Section       96  libspace.o(.bss)
    HEAP                                     0x20001530   Section      512  startup_stm32f40_41xxx.o(HEAP)
    Heap_Mem                                 0x20001530   Data         512  startup_stm32f40_41xxx.o(HEAP)
    STACK                                    0x20001730   Section     1024  startup_stm32f40_41xxx.o(STACK)
    Stack_Mem                                0x20001730   Data        1024  startup_stm32f40_41xxx.o(STACK)
    __initial_sp                             0x20001b30   Data           0  startup_stm32f40_41xxx.o(STACK)

    Global Symbols

    Symbol Name                              Value     Ov Type        Size  Object(Section)

    BuildAttributes$$THM_ISAv4$E$P$D$K$B$S$7EM$VFPi3$EXTD16$VFPS$VFMA$PE$A:L22UL41UL21$X:L11$S22US41US21$IEEE1$IW$USESV6$~STKCKD$USESV7$~SHL$OSPACE$ROPI$EBA8$UX$STANDARDLIB$REQ8$PRES8$EABIv2 0x00000000   Number         0  anon$$obj.o ABSOLUTE
    __ARM_use_no_argv                        0x00000000   Number         0  main.o ABSOLUTE
    _printf_flags                            0x00000000   Number         0  printf_stubs.o ABSOLUTE
    _printf_return_value                     0x00000000   Number         0  printf_stubs.o ABSOLUTE
    _printf_sizespec                         0x00000000   Number         0  printf_stubs.o ABSOLUTE
    _printf_widthprec                        0x00000000   Number         0  printf_stubs.o ABSOLUTE
    __ARM_exceptions_init                     - Undefined Weak Reference
    __alloca_initialize                       - Undefined Weak Reference
    __arm_preinit_                            - Undefined Weak Reference
    __cpp_initialize__aeabi_                  - Undefined Weak Reference
    __cxa_finalize                            - Undefined Weak Reference
    __rt_locale                               - Undefined Weak Reference
    __sigvec_lookup                           - Undefined Weak Reference
    _atexit_init                              - Undefined Weak Reference
    _call_atexit_fns                          - Undefined Weak Reference
    _clock_init                               - Undefined Weak Reference
    _fp_trap_init                             - Undefined Weak Reference
    _fp_trap_shutdown                         - Undefined Weak Reference
    _get_lc_collate                           - Undefined Weak Reference
    _get_lc_ctype                             - Undefined Weak Reference
    _get_lc_monetary                          - Undefined Weak Reference
    _get_lc_numeric                           - Undefined Weak Reference
    _get_lc_time                              - Undefined Weak Reference
    _getenv_init                              - Undefined Weak Reference
    _handle_redirection                       - Undefined Weak Reference
    _init_alloc                               - Undefined Weak Reference
    _init_user_alloc                          - Undefined Weak Reference
    _initio                                   - Undefined Weak Reference
    _mutex_acquire                            - Undefined Weak Reference
    _mutex_release                            - Undefined Weak Reference
    _printf_truncate_unsigned                 - Undefined Weak Reference
    _rand_init                                - Undefined Weak Reference
    _signal_finish                            - Undefined Weak Reference
    _signal_init                              - Undefined Weak Reference
    _terminate_alloc                          - Undefined Weak Reference
    _terminate_user_alloc                     - Undefined Weak Reference
    _terminateio                              - Undefined Weak Reference
    __Vectors_Size                           0x00000188   Number         0  startup_stm32f40_41xxx.o ABSOLUTE
    __Vectors                                0x08000000   Data           4  startup_stm32f40_41xxx.o(RESET)
    __Vectors_End                            0x08000188   Data           0  startup_stm32f40_41xxx.o(RESET)
    __main                                   0x08000189   Thumb Code     8  __main.o(!!!main)
    __scatterload                            0x08000191   Thumb Code     0  __scatter.o(!!!scatter)
    __scatterload_rt2                        0x08000191   Thumb Code    44  __scatter.o(!!!scatter)
    __scatterload_rt2_thumb_only             0x08000191   Thumb Code     0  __scatter.o(!!!scatter)
    __scatterload_null                       0x0800019f   Thumb Code     0  __scatter.o(!!!scatter)
    __decompress                             0x080001c5   Thumb Code    90  __dczerorl2.o(!!dczerorl2)
    __decompress1                            0x080001c5   Thumb Code     0  __dczerorl2.o(!!dczerorl2)
    __scatterload_zeroinit                   0x08000221   Thumb Code    28  __scatter_zi.o(!!handler_zi)
    _printf_percent                          0x0800023d   Thumb Code     0  _printf_percent.o(.ARM.Collect$$_printf_percent$$00000000)
    _printf_x                                0x0800023d   Thumb Code     0  _printf_x.o(.ARM.Collect$$_printf_percent$$0000000C)
    _printf_percent_end                      0x08000243   Thumb Code     0  _printf_percent_end.o(.ARM.Collect$$_printf_percent$$00000017)
    __rt_lib_init                            0x08000247   Thumb Code     0  libinit.o(.ARM.Collect$$libinit$$00000000)
    __rt_lib_init_fp_1                       0x08000249   Thumb Code     0  libinit2.o(.ARM.Collect$$libinit$$00000001)
    __rt_lib_init_alloca_1                   0x0800024d   Thumb Code     0  libinit2.o(.ARM.Collect$$libinit$$0000002E)
    __rt_lib_init_argv_1                     0x0800024d   Thumb Code     0  libinit2.o(.ARM.Collect$$libinit$$0000002C)
    __rt_lib_init_atexit_1                   0x0800024d   Thumb Code     0  libinit2.o(.ARM.Collect$$libinit$$0000001B)
    __rt_lib_init_clock_1                    0x0800024d   Thumb Code     0  libinit2.o(.ARM.Collect$$libinit$$00000021)
    __rt_lib_init_cpp_1                      0x0800024d   Thumb Code     0  libinit2.o(.ARM.Collect$$libinit$$00000032)
    __rt_lib_init_exceptions_1               0x0800024d   Thumb Code     0  libinit2.o(.ARM.Collect$$libinit$$00000030)
    __rt_lib_init_fp_trap_1                  0x0800024d   Thumb Code     0  libinit2.o(.ARM.Collect$$libinit$$0000001F)
    __rt_lib_init_getenv_1                   0x0800024d   Thumb Code     0  libinit2.o(.ARM.Collect$$libinit$$00000023)
    __rt_lib_init_heap_1                     0x0800024d   Thumb Code     0  libinit2.o(.ARM.Collect$$libinit$$0000000A)
    __rt_lib_init_lc_collate_1               0x0800024d   Thumb Code     0  libinit2.o(.ARM.Collect$$libinit$$00000011)
    __rt_lib_init_lc_ctype_1                 0x0800024d   Thumb Code     0  libinit2.o(.ARM.Collect$$libinit$$00000013)
    __rt_lib_init_lc_monetary_1              0x0800024d   Thumb Code     0  libinit2.o(.ARM.Collect$$libinit$$00000015)
    __rt_lib_init_lc_numeric_1               0x0800024d   Thumb Code     0  libinit2.o(.ARM.Collect$$libinit$$00000017)
    __rt_lib_init_lc_time_1                  0x0800024d   Thumb Code     0  libinit2.o(.ARM.Collect$$libinit$$00000019)
    __rt_lib_init_preinit_1                  0x0800024d   Thumb Code     0  libinit2.o(.ARM.Collect$$libinit$$00000004)
    __rt_lib_init_rand_1                     0x0800024d   Thumb Code     0  libinit2.o(.ARM.Collect$$libinit$$0000000E)
    __rt_lib_init_return                     0x0800024d   Thumb Code     0  libinit2.o(.ARM.Collect$$libinit$$00000033)
    __rt_lib_init_signal_1                   0x0800024d   Thumb Code     0  libinit2.o(.ARM.Collect$$libinit$$0000001D)
    __rt_lib_init_stdio_1                    0x0800024d   Thumb Code     0  libinit2.o(.ARM.Collect$$libinit$$00000025)
    __rt_lib_init_user_alloc_1               0x0800024d   Thumb Code     0  libinit2.o(.ARM.Collect$$libinit$$0000000C)
    __rt_lib_shutdown                        0x0800024f   Thumb Code     0  libshutdown.o(.ARM.Collect$$libshutdown$$00000000)
    __rt_lib_shutdown_cpp_1                  0x08000251   Thumb Code     0  libshutdown2.o(.ARM.Collect$$libshutdown$$00000002)
    __rt_lib_shutdown_fp_trap_1              0x08000251   Thumb Code     0  libshutdown2.o(.ARM.Collect$$libshutdown$$00000007)
    __rt_lib_shutdown_heap_1                 0x08000251   Thumb Code     0  libshutdown2.o(.ARM.Collect$$libshutdown$$0000000F)
    __rt_lib_shutdown_return                 0x08000251   Thumb Code     0  libshutdown2.o(.ARM.Collect$$libshutdown$$00000010)
    __rt_lib_shutdown_signal_1               0x08000251   Thumb Code     0  libshutdown2.o(.ARM.Collect$$libshutdown$$0000000A)
    __rt_lib_shutdown_stdio_1                0x08000251   Thumb Code     0  libshutdown2.o(.ARM.Collect$$libshutdown$$00000004)
    __rt_lib_shutdown_user_alloc_1           0x08000251   Thumb Code     0  libshutdown2.o(.ARM.Collect$$libshutdown$$0000000C)
    __rt_entry                               0x08000253   Thumb Code     0  __rtentry.o(.ARM.Collect$$rtentry$$00000000)
    __rt_entry_presh_1                       0x08000253   Thumb Code     0  __rtentry2.o(.ARM.Collect$$rtentry$$00000002)
    __rt_entry_sh                            0x08000253   Thumb Code     0  __rtentry4.o(.ARM.Collect$$rtentry$$00000004)
    __rt_entry_li                            0x08000259   Thumb Code     0  __rtentry2.o(.ARM.Collect$$rtentry$$0000000A)
    __rt_entry_postsh_1                      0x08000259   Thumb Code     0  __rtentry2.o(.ARM.Collect$$rtentry$$00000009)
    __rt_entry_main                          0x0800025d   Thumb Code     0  __rtentry2.o(.ARM.Collect$$rtentry$$0000000D)
    __rt_entry_postli_1                      0x0800025d   Thumb Code     0  __rtentry2.o(.ARM.Collect$$rtentry$$0000000C)
    __rt_exit                                0x08000265   Thumb Code     0  rtexit.o(.ARM.Collect$$rtexit$$00000000)
    __rt_exit_ls                             0x08000267   Thumb Code     0  rtexit2.o(.ARM.Collect$$rtexit$$00000003)
    __rt_exit_prels_1                        0x08000267   Thumb Code     0  rtexit2.o(.ARM.Collect$$rtexit$$00000002)
    __rt_exit_exit                           0x0800026b   Thumb Code     0  rtexit2.o(.ARM.Collect$$rtexit$$00000004)
    main                                     0x08000271   Thumb Code    74  main.o(.text)
    NMI_Handler                              0x080002bb   Thumb Code     2  stm32f4xx_it.o(.text)
    HardFault_Handler                        0x080002bd   Thumb Code     4  stm32f4xx_it.o(.text)
    MemManage_Handler                        0x080002c1   Thumb Code     4  stm32f4xx_it.o(.text)
    BusFault_Handler                         0x080002c5   Thumb Code     4  stm32f4xx_it.o(.text)
    UsageFault_Handler                       0x080002c9   Thumb Code     4  stm32f4xx_it.o(.text)
    SVC_Handler                              0x080002cd   Thumb Code     2  stm32f4xx_it.o(.text)
    DebugMon_Handler                         0x080002cf   Thumb Code     2  stm32f4xx_it.o(.text)
    PendSV_Handler                           0x080002d1   Thumb Code     2  stm32f4xx_it.o(.text)
    SysTick_Handler                          0x080002d3   Thumb Code     2  stm32f4xx_it.o(.text)
    SystemInit                               0x080003b1   Thumb Code    88  system_stm32f4xx.o(.text)
    SystemCoreClockUpdate                    0x08000409   Thumb Code   174  system_stm32f4xx.o(.text)
    NVIC_PriorityGroupConfig                 0x080004e5   Thumb Code    10  misc.o(.text)
    NVIC_Init                                0x080004ef   Thumb Code   106  misc.o(.text)
    NVIC_SetVectorTable                      0x08000559   Thumb Code    14  misc.o(.text)
    NVIC_SystemLPConfig                      0x08000567   Thumb Code    34  misc.o(.text)
    SysTick_CLKSourceConfig                  0x08000589   Thumb Code    40  misc.o(.text)
    GPIO_DeInit                              0x080005c5   Thumb Code   268  stm32f4xx_gpio.o(.text)
    GPIO_Init                                0x080006d1   Thumb Code   144  stm32f4xx_gpio.o(.text)
    GPIO_StructInit                          0x08000761   Thumb Code    18  stm32f4xx_gpio.o(.text)
    GPIO_PinLockConfig                       0x08000773   Thumb Code    34  stm32f4xx_gpio.o(.text)
    GPIO_ReadInputDataBit                    0x08000795   Thumb Code    18  stm32f4xx_gpio.o(.text)
    GPIO_ReadInputData                       0x080007a7   Thumb Code     8  stm32f4xx_gpio.o(.text)
    GPIO_ReadOutputDataBit                   0x080007af   Thumb Code    18  stm32f4xx_gpio.o(.text)
    GPIO_ReadOutputData                      0x080007c1   Thumb Code     8  stm32f4xx_gpio.o(.text)
    GPIO_SetBits                             0x080007c9   Thumb Code     4  stm32f4xx_gpio.o(.text)
    GPIO_ResetBits                           0x080007cd   Thumb Code     4  stm32f4xx_gpio.o(.text)
    GPIO_WriteBit                            0x080007d1   Thumb Code    10  stm32f4xx_gpio.o(.text)
    GPIO_Write                               0x080007db   Thumb Code     4  stm32f4xx_gpio.o(.text)
    GPIO_ToggleBits                          0x080007df   Thumb Code     8  stm32f4xx_gpio.o(.text)
    GPIO_PinAFConfig                         0x080007e7   Thumb Code    70  stm32f4xx_gpio.o(.text)
    RCC_DeInit                               0x08000859   Thumb Code    82  stm32f4xx_rcc.o(.text)
    RCC_HSEConfig                            0x080008ab   Thumb Code    14  stm32f4xx_rcc.o(.text)
    RCC_GetFlagStatus                        0x080008b9   Thumb Code    60  stm32f4xx_rcc.o(.text)
    RCC_WaitForHSEStartUp                    0x080008f5   Thumb Code    56  stm32f4xx_rcc.o(.text)
    RCC_AdjustHSICalibrationValue            0x0800092d   Thumb Code    20  stm32f4xx_rcc.o(.text)
    RCC_HSICmd                               0x08000941   Thumb Code     6  stm32f4xx_rcc.o(.text)
    RCC_LSEConfig                            0x08000947   Thumb Code    46  stm32f4xx_rcc.o(.text)
    RCC_LSICmd                               0x08000975   Thumb Code     6  stm32f4xx_rcc.o(.text)
    RCC_PLLConfig                            0x0800097b   Thumb Code    32  stm32f4xx_rcc.o(.text)
    RCC_PLLCmd                               0x0800099b   Thumb Code     6  stm32f4xx_rcc.o(.text)
    RCC_PLLI2SConfig                         0x080009a1   Thumb Code    14  stm32f4xx_rcc.o(.text)
    RCC_PLLI2SCmd                            0x080009af   Thumb Code     6  stm32f4xx_rcc.o(.text)
    RCC_PLLSAIConfig                         0x080009b5   Thumb Code    20  stm32f4xx_rcc.o(.text)
    RCC_PLLSAICmd                            0x080009c9   Thumb Code     6  stm32f4xx_rcc.o(.text)
    RCC_ClockSecuritySystemCmd               0x080009cf   Thumb Code     6  stm32f4xx_rcc.o(.text)
    RCC_MCO1Config                           0x080009d5   Thumb Code    28  stm32f4xx_rcc.o(.text)
    RCC_MCO2Config                           0x080009f1   Thumb Code    28  stm32f4xx_rcc.o(.text)
    RCC_SYSCLKConfig                         0x08000a0d   Thumb Code    20  stm32f4xx_rcc.o(.text)
    RCC_GetSYSCLKSource                      0x08000a21   Thumb Code    12  stm32f4xx_rcc.o(.text)
    RCC_HCLKConfig                           0x08000a2d   Thumb Code    20  stm32f4xx_rcc.o(.text)
    RCC_PCLK1Config                          0x08000a41   Thumb Code    20  stm32f4xx_rcc.o(.text)
    RCC_PCLK2Config                          0x08000a55   Thumb Code    22  stm32f4xx_rcc.o(.text)
    RCC_GetClocksFreq                        0x08000a6b   Thumb Code   222  stm32f4xx_rcc.o(.text)
    RCC_RTCCLKConfig                         0x08000b49   Thumb Code    54  stm32f4xx_rcc.o(.text)
    RCC_RTCCLKCmd                            0x08000b7f   Thumb Code     8  stm32f4xx_rcc.o(.text)
    RCC_BackupResetCmd                       0x08000b87   Thumb Code     8  stm32f4xx_rcc.o(.text)
    RCC_I2SCLKConfig                         0x08000b8f   Thumb Code     6  stm32f4xx_rcc.o(.text)
    RCC_SAIPLLI2SClkDivConfig                0x08000b95   Thumb Code    26  stm32f4xx_rcc.o(.text)
    RCC_SAIPLLSAIClkDivConfig                0x08000baf   Thumb Code    28  stm32f4xx_rcc.o(.text)
    RCC_SAIBlockACLKConfig                   0x08000bcb   Thumb Code    20  stm32f4xx_rcc.o(.text)
    RCC_SAIBlockBCLKConfig                   0x08000bdf   Thumb Code    20  stm32f4xx_rcc.o(.text)
    RCC_LTDCCLKDivConfig                     0x08000bf3   Thumb Code    20  stm32f4xx_rcc.o(.text)
    RCC_TIMCLKPresConfig                     0x08000c07   Thumb Code     6  stm32f4xx_rcc.o(.text)
    RCC_AHB1PeriphClockCmd                   0x08000c0d   Thumb Code    34  stm32f4xx_rcc.o(.text)
    RCC_AHB2PeriphClockCmd                   0x08000c2f   Thumb Code    78  stm32f4xx_rcc.o(.text)
    RCC_AHB3PeriphClockCmd                   0x08000c7d   Thumb Code    34  stm32f4xx_rcc.o(.text)
    RCC_APB1PeriphClockCmd                   0x08000c9f   Thumb Code    34  stm32f4xx_rcc.o(.text)
    RCC_APB2PeriphClockCmd                   0x08000cc1   Thumb Code    34  stm32f4xx_rcc.o(.text)
    RCC_AHB1PeriphResetCmd                   0x08000ce3   Thumb Code    34  stm32f4xx_rcc.o(.text)
    RCC_AHB2PeriphResetCmd                   0x08000d05   Thumb Code    34  stm32f4xx_rcc.o(.text)
    RCC_AHB3PeriphResetCmd                   0x08000d27   Thumb Code    34  stm32f4xx_rcc.o(.text)
    RCC_APB1PeriphResetCmd                   0x08000d49   Thumb Code    34  stm32f4xx_rcc.o(.text)
    RCC_APB2PeriphResetCmd                   0x08000d6b   Thumb Code    34  stm32f4xx_rcc.o(.text)
    RCC_AHB1PeriphClockLPModeCmd             0x08000d8d   Thumb Code    34  stm32f4xx_rcc.o(.text)
    RCC_AHB2PeriphClockLPModeCmd             0x08000daf   Thumb Code    34  stm32f4xx_rcc.o(.text)
    RCC_AHB3PeriphClockLPModeCmd             0x08000dd1   Thumb Code    34  stm32f4xx_rcc.o(.text)
    RCC_APB1PeriphClockLPModeCmd             0x08000df3   Thumb Code    34  stm32f4xx_rcc.o(.text)
    RCC_APB2PeriphClockLPModeCmd             0x08000e15   Thumb Code    34  stm32f4xx_rcc.o(.text)
    RCC_LSEModeConfig                        0x08000e37   Thumb Code    40  stm32f4xx_rcc.o(.text)
    RCC_ITConfig                             0x08000e5f   Thumb Code    34  stm32f4xx_rcc.o(.text)
    RCC_ClearFlag                            0x08000e81   Thumb Code    18  stm32f4xx_rcc.o(.text)
    RCC_GetITStatus                          0x08000e93   Thumb Code    22  stm32f4xx_rcc.o(.text)
    RCC_ClearITPendingBit                    0x08000ea9   Thumb Code     8  stm32f4xx_rcc.o(.text)
    USART_DeInit                             0x08000eb5   Thumb Code   206  stm32f4xx_usart.o(.text)
    USART_Init                               0x08000f83   Thumb Code   204  stm32f4xx_usart.o(.text)
    USART_StructInit                         0x0800104f   Thumb Code    24  stm32f4xx_usart.o(.text)
    USART_ClockInit                          0x08001067   Thumb Code    32  stm32f4xx_usart.o(.text)
    USART_ClockStructInit                    0x08001087   Thumb Code    12  stm32f4xx_usart.o(.text)
    USART_Cmd                                0x08001093   Thumb Code    24  stm32f4xx_usart.o(.text)
    USART_SetPrescaler                       0x080010ab   Thumb Code    16  stm32f4xx_usart.o(.text)
    USART_OverSampling8Cmd                   0x080010bb   Thumb Code    22  stm32f4xx_usart.o(.text)
    USART_OneBitMethodCmd                    0x080010d1   Thumb Code    24  stm32f4xx_usart.o(.text)
    USART_SendData                           0x080010e9   Thumb Code     8  stm32f4xx_usart.o(.text)
    USART_ReceiveData                        0x080010f1   Thumb Code    10  stm32f4xx_usart.o(.text)
    USART_SetAddress                         0x080010fb   Thumb Code    18  stm32f4xx_usart.o(.text)
    USART_ReceiverWakeUpCmd                  0x0800110d   Thumb Code    24  stm32f4xx_usart.o(.text)
    USART_WakeUpConfig                       0x08001125   Thumb Code    18  stm32f4xx_usart.o(.text)
    USART_LINBreakDetectLengthConfig         0x08001137   Thumb Code    18  stm32f4xx_usart.o(.text)
    USART_LINCmd                             0x08001149   Thumb Code    24  stm32f4xx_usart.o(.text)
    USART_SendBreak                          0x08001161   Thumb Code    10  stm32f4xx_usart.o(.text)
    USART_HalfDuplexCmd                      0x0800116b   Thumb Code    24  stm32f4xx_usart.o(.text)
    USART_SetGuardTime                       0x08001183   Thumb Code    16  stm32f4xx_usart.o(.text)
    USART_SmartCardCmd                       0x08001193   Thumb Code    24  stm32f4xx_usart.o(.text)
    USART_SmartCardNACKCmd                   0x080011ab   Thumb Code    24  stm32f4xx_usart.o(.text)
    USART_IrDAConfig                         0x080011c3   Thumb Code    18  stm32f4xx_usart.o(.text)
    USART_IrDACmd                            0x080011d5   Thumb Code    24  stm32f4xx_usart.o(.text)
    USART_DMACmd                             0x080011ed   Thumb Code    18  stm32f4xx_usart.o(.text)
    USART_ITConfig                           0x080011ff   Thumb Code    74  stm32f4xx_usart.o(.text)
    USART_GetFlagStatus                      0x08001249   Thumb Code    26  stm32f4xx_usart.o(.text)
    USART_ClearFlag                          0x08001263   Thumb Code    18  stm32f4xx_usart.o(.text)
    USART_GetITStatus                        0x08001275   Thumb Code   118  stm32f4xx_usart.o(.text)
    USART_ClearITPendingBit                  0x080012eb   Thumb Code    30  stm32f4xx_usart.o(.text)
    SPI_I2S_DeInit                           0x08001309   Thumb Code   152  stm32f4xx_spi.o(.text)
    SPI_Init                                 0x080013a1   Thumb Code    60  stm32f4xx_spi.o(.text)
    I2S_Init                                 0x080013dd   Thumb Code   396  stm32f4xx_spi.o(.text)
    SPI_StructInit                           0x08001569   Thumb Code    24  stm32f4xx_spi.o(.text)
    I2S_StructInit                           0x08001581   Thumb Code    20  stm32f4xx_spi.o(.text)
    SPI_Cmd                                  0x08001595   Thumb Code    24  stm32f4xx_spi.o(.text)
    I2S_Cmd                                  0x080015ad   Thumb Code    24  stm32f4xx_spi.o(.text)
    SPI_DataSizeConfig                       0x080015c5   Thumb Code    18  stm32f4xx_spi.o(.text)
    SPI_BiDirectionalLineConfig              0x080015d7   Thumb Code    28  stm32f4xx_spi.o(.text)
    SPI_NSSInternalSoftwareConfig            0x080015f3   Thumb Code    30  stm32f4xx_spi.o(.text)
    SPI_SSOutputCmd                          0x08001611   Thumb Code    24  stm32f4xx_spi.o(.text)
    SPI_TIModeCmd                            0x08001629   Thumb Code    24  stm32f4xx_spi.o(.text)
    I2S_FullDuplexConfig                     0x08001641   Thumb Code    80  stm32f4xx_spi.o(.text)
    SPI_I2S_ReceiveData                      0x08001691   Thumb Code     6  stm32f4xx_spi.o(.text)
    SPI_I2S_SendData                         0x08001697   Thumb Code     4  stm32f4xx_spi.o(.text)
    SPI_CalculateCRC                         0x0800169b   Thumb Code    24  stm32f4xx_spi.o(.text)
    SPI_TransmitCRC                          0x080016b3   Thumb Code    10  stm32f4xx_spi.o(.text)
    SPI_GetCRC                               0x080016bd   Thumb Code    16  stm32f4xx_spi.o(.text)
    SPI_GetCRCPolynomial                     0x080016cd   Thumb Code     6  stm32f4xx_spi.o(.text)
    SPI_I2S_DMACmd                           0x080016d3   Thumb Code    18  stm32f4xx_spi.o(.text)
    SPI_I2S_ITConfig                         0x080016e5   Thumb Code    68  stm32f4xx_spi.o(.text)
    SPI_I2S_GetFlagStatus                    0x08001729   Thumb Code    18  stm32f4xx_spi.o(.text)
    SPI_I2S_ClearFlag                        0x0800173b   Thumb Code     6  stm32f4xx_spi.o(.text)
    SPI_I2S_GetITStatus                      0x08001741   Thumb Code    52  stm32f4xx_spi.o(.text)
    SPI_I2S_ClearITPendingBit                0x08001775   Thumb Code    20  stm32f4xx_spi.o(.text)
    RTC_WaitForSynchro                       0x08001789   Thumb Code    92  stm32f4xx_rtc.o(.text)
    RTC_EnterInitMode                        0x080017e5   Thumb Code    84  stm32f4xx_rtc.o(.text)
    RTC_DeInit                               0x08001839   Thumb Code   204  stm32f4xx_rtc.o(.text)
    RTC_ExitInitMode                         0x08001905   Thumb Code    18  stm32f4xx_rtc.o(.text)
    RTC_Init                                 0x08001917   Thumb Code    94  stm32f4xx_rtc.o(.text)
    RTC_StructInit                           0x08001975   Thumb Code    14  stm32f4xx_rtc.o(.text)
    RTC_WriteProtectionCmd                   0x08001983   Thumb Code    22  stm32f4xx_rtc.o(.text)
    RTC_RefClockCmd                          0x08001999   Thumb Code    76  stm32f4xx_rtc.o(.text)
    RTC_BypassShadowCmd                      0x080019e5   Thumb Code    54  stm32f4xx_rtc.o(.text)
    RTC_SetTime                              0x08001a4d   Thumb Code   200  stm32f4xx_rtc.o(.text)
    RTC_TimeStructInit                       0x08001b15   Thumb Code    12  stm32f4xx_rtc.o(.text)
    RTC_GetTime                              0x08001b21   Thumb Code    74  stm32f4xx_rtc.o(.text)
    RTC_GetSubSecond                         0x08001b6b   Thumb Code    30  stm32f4xx_rtc.o(.text)
    RTC_SetDate                              0x08001b89   Thumb Code   190  stm32f4xx_rtc.o(.text)
    RTC_DateStructInit                       0x08001c47   Thumb Code    14  stm32f4xx_rtc.o(.text)
    RTC_GetDate                              0x08001c55   Thumb Code    70  stm32f4xx_rtc.o(.text)
    RTC_SetAlarm                             0x08001c9b   Thumb Code   230  stm32f4xx_rtc.o(.text)
    RTC_AlarmStructInit                      0x08001d81   Thumb Code    22  stm32f4xx_rtc.o(.text)
    RTC_GetAlarm                             0x08001d97   Thumb Code   114  stm32f4xx_rtc.o(.text)
    RTC_AlarmCmd                             0x08001e09   Thumb Code   112  stm32f4xx_rtc.o(.text)
    RTC_AlarmSubSecondConfig                 0x08001e79   Thumb Code    46  stm32f4xx_rtc.o(.text)
    RTC_GetAlarmSubSecond                    0x08001ea7   Thumb Code    34  stm32f4xx_rtc.o(.text)
    RTC_WakeUpClockConfig                    0x08001ec9   Thumb Code    42  stm32f4xx_rtc.o(.text)
    RTC_SetWakeUpCounter                     0x08001ef3   Thumb Code    22  stm32f4xx_rtc.o(.text)
    RTC_GetWakeUpCounter                     0x08001f09   Thumb Code    10  stm32f4xx_rtc.o(.text)
    RTC_WakeUpCmd                            0x08001f13   Thumb Code   116  stm32f4xx_rtc.o(.text)
    RTC_DayLightSavingConfig                 0x08001f87   Thumb Code    50  stm32f4xx_rtc.o(.text)
    RTC_GetStoreOperation                    0x08001fb9   Thumb Code    12  stm32f4xx_rtc.o(.text)
    RTC_OutputConfig                         0x08001fc5   Thumb Code    60  stm32f4xx_rtc.o(.text)
    RTC_CoarseCalibConfig                    0x08002001   Thumb Code    52  stm32f4xx_rtc.o(.text)
    RTC_CoarseCalibCmd                       0x08002035   Thumb Code    76  stm32f4xx_rtc.o(.text)
    RTC_CalibOutputCmd                       0x08002081   Thumb Code    54  stm32f4xx_rtc.o(.text)
    RTC_CalibOutputConfig                    0x080020b7   Thumb Code    42  stm32f4xx_rtc.o(.text)
    RTC_SmoothCalibConfig                    0x080020e1   Thumb Code    90  stm32f4xx_rtc.o(.text)
    RTC_TimeStampCmd                         0x0800213b   Thumb Code    54  stm32f4xx_rtc.o(.text)
    RTC_GetTimeStamp                         0x08002171   Thumb Code   144  stm32f4xx_rtc.o(.text)
    RTC_GetTimeStampSubSecond                0x08002201   Thumb Code     8  stm32f4xx_rtc.o(.text)
    RTC_TamperTriggerConfig                  0x08002209   Thumb Code    38  stm32f4xx_rtc.o(.text)
    RTC_TamperCmd                            0x0800222f   Thumb Code    34  stm32f4xx_rtc.o(.text)
    RTC_TamperFilterConfig                   0x08002251   Thumb Code    26  stm32f4xx_rtc.o(.text)
    RTC_TamperSamplingFreqConfig             0x0800226b   Thumb Code    26  stm32f4xx_rtc.o(.text)
    RTC_TamperPinsPrechargeDuration          0x08002285   Thumb Code    26  stm32f4xx_rtc.o(.text)
    RTC_TimeStampOnTamperDetectionCmd        0x0800229f   Thumb Code    38  stm32f4xx_rtc.o(.text)
    RTC_TamperPullUpCmd                      0x080022c5   Thumb Code    38  stm32f4xx_rtc.o(.text)
    RTC_WriteBackupRegister                  0x080022eb   Thumb Code    26  stm32f4xx_rtc.o(.text)
    RTC_ReadBackupRegister                   0x08002305   Thumb Code    28  stm32f4xx_rtc.o(.text)
    RTC_TamperPinSelection                   0x08002321   Thumb Code    26  stm32f4xx_rtc.o(.text)
    RTC_TimeStampPinSelection                0x0800233b   Thumb Code    26  stm32f4xx_rtc.o(.text)
    RTC_OutputTypeConfig                     0x08002355   Thumb Code    26  stm32f4xx_rtc.o(.text)
    RTC_SynchroShiftConfig                   0x0800236f   Thumb Code   130  stm32f4xx_rtc.o(.text)
    RTC_ITConfig                             0x080023f1   Thumb Code    94  stm32f4xx_rtc.o(.text)
    RTC_GetFlagStatus                        0x0800244f   Thumb Code    34  stm32f4xx_rtc.o(.text)
    RTC_ClearFlag                            0x08002471   Thumb Code    28  stm32f4xx_rtc.o(.text)
    RTC_GetITStatus                          0x0800248d   Thumb Code    60  stm32f4xx_rtc.o(.text)
    RTC_ClearITPendingBit                    0x080024c9   Thumb Code    32  stm32f4xx_rtc.o(.text)
    PWR_DeInit                               0x080024f1   Thumb Code    22  stm32f4xx_pwr.o(.text)
    PWR_BackupAccessCmd                      0x08002507   Thumb Code     6  stm32f4xx_pwr.o(.text)
    PWR_PVDLevelConfig                       0x0800250d   Thumb Code    18  stm32f4xx_pwr.o(.text)
    PWR_PVDCmd                               0x0800251f   Thumb Code     6  stm32f4xx_pwr.o(.text)
    PWR_WakeUpPinCmd                         0x08002525   Thumb Code     8  stm32f4xx_pwr.o(.text)
    PWR_BackupRegulatorCmd                   0x0800252d   Thumb Code     8  stm32f4xx_pwr.o(.text)
    PWR_MainRegulatorModeConfig              0x08002535   Thumb Code    18  stm32f4xx_pwr.o(.text)
    PWR_OverDriveCmd                         0x08002547   Thumb Code     6  stm32f4xx_pwr.o(.text)
    PWR_OverDriveSWCmd                       0x0800254d   Thumb Code     6  stm32f4xx_pwr.o(.text)
    PWR_UnderDriveCmd                        0x08002553   Thumb Code    30  stm32f4xx_pwr.o(.text)
    PWR_MainRegulatorLowVoltageCmd           0x08002571   Thumb Code    18  stm32f4xx_pwr.o(.text)
    PWR_LowRegulatorLowVoltageCmd            0x08002583   Thumb Code    18  stm32f4xx_pwr.o(.text)
    PWR_FlashPowerDownCmd                    0x08002595   Thumb Code     6  stm32f4xx_pwr.o(.text)
    PWR_EnterSTOPMode                        0x0800259b   Thumb Code    58  stm32f4xx_pwr.o(.text)
    PWR_EnterUnderDriveSTOPMode              0x080025d5   Thumb Code    58  stm32f4xx_pwr.o(.text)
    PWR_EnterSTANDBYMode                     0x0800260f   Thumb Code    32  stm32f4xx_pwr.o(.text)
    PWR_GetFlagStatus                        0x0800262f   Thumb Code    20  stm32f4xx_pwr.o(.text)
    PWR_ClearFlag                            0x08002643   Thumb Code    14  stm32f4xx_pwr.o(.text)
    EXTI_DeInit                              0x0800265d   Thumb Code    28  stm32f4xx_exti.o(.text)
    EXTI_Init                                0x08002679   Thumb Code   142  stm32f4xx_exti.o(.text)
    EXTI_StructInit                          0x08002707   Thumb Code    16  stm32f4xx_exti.o(.text)
    EXTI_GenerateSWInterrupt                 0x08002717   Thumb Code    16  stm32f4xx_exti.o(.text)
    EXTI_GetFlagStatus                       0x08002727   Thumb Code    22  stm32f4xx_exti.o(.text)
    EXTI_ClearFlag                           0x0800273d   Thumb Code     8  stm32f4xx_exti.o(.text)
    EXTI_GetITStatus                         0x08002745   Thumb Code    22  stm32f4xx_exti.o(.text)
    EXTI_ClearITPendingBit                   0x0800275b   Thumb Code     8  stm32f4xx_exti.o(.text)
    Reset_Handler                            0x0800276d   Thumb Code     8  startup_stm32f40_41xxx.o(.text)
    ADC_IRQHandler                           0x08002787   Thumb Code     0  startup_stm32f40_41xxx.o(.text)
    CAN1_RX0_IRQHandler                      0x08002787   Thumb Code     0  startup_stm32f40_41xxx.o(.text)
    CAN1_RX1_IRQHandler                      0x08002787   Thumb Code     0  startup_stm32f40_41xxx.o(.text)
    CAN1_SCE_IRQHandler                      0x08002787   Thumb Code     0  startup_stm32f40_41xxx.o(.text)
    CAN1_TX_IRQHandler                       0x08002787   Thumb Code     0  startup_stm32f40_41xxx.o(.text)
    CAN2_RX0_IRQHandler                      0x08002787   Thumb Code     0  startup_stm32f40_41xxx.o(.text)
    CAN2_RX1_IRQHandler                      0x08002787   Thumb Code     0  startup_stm32f40_41xxx.o(.text)
    CAN2_SCE_IRQHandler                      0x08002787   Thumb Code     0  startup_stm32f40_41xxx.o(.text)
    CAN2_TX_IRQHandler                       0x08002787   Thumb Code     0  startup_stm32f40_41xxx.o(.text)
    CRYP_IRQHandler                          0x08002787   Thumb Code     0  startup_stm32f40_41xxx.o(.text)
    DCMI_IRQHandler                          0x08002787   Thumb Code     0  startup_stm32f40_41xxx.o(.text)
    DMA1_Stream0_IRQHandler                  0x08002787   Thumb Code     0  startup_stm32f40_41xxx.o(.text)
    DMA1_Stream1_IRQHandler                  0x08002787   Thumb Code     0  startup_stm32f40_41xxx.o(.text)
    DMA1_Stream2_IRQHandler                  0x08002787   Thumb Code     0  startup_stm32f40_41xxx.o(.text)
    DMA1_Stream3_IRQHandler                  0x08002787   Thumb Code     0  startup_stm32f40_41xxx.o(.text)
    DMA1_Stream4_IRQHandler                  0x08002787   Thumb Code     0  startup_stm32f40_41xxx.o(.text)
    DMA1_Stream5_IRQHandler                  0x08002787   Thumb Code     0  startup_stm32f40_41xxx.o(.text)
    DMA1_Stream6_IRQHandler                  0x08002787   Thumb Code     0  startup_stm32f40_41xxx.o(.text)
    DMA1_Stream7_IRQHandler                  0x08002787   Thumb Code     0  startup_stm32f40_41xxx.o(.text)
    DMA2_Stream0_IRQHandler                  0x08002787   Thumb Code     0  startup_stm32f40_41xxx.o(.text)
    DMA2_Stream1_IRQHandler                  0x08002787   Thumb Code     0  startup_stm32f40_41xxx.o(.text)
    DMA2_Stream2_IRQHandler                  0x08002787   Thumb Code     0  startup_stm32f40_41xxx.o(.text)
    DMA2_Stream3_IRQHandler                  0x08002787   Thumb Code     0  startup_stm32f40_41xxx.o(.text)
    DMA2_Stream4_IRQHandler                  0x08002787   Thumb Code     0  startup_stm32f40_41xxx.o(.text)
    DMA2_Stream5_IRQHandler                  0x08002787   Thumb Code     0  startup_stm32f40_41xxx.o(.text)
    DMA2_Stream6_IRQHandler                  0x08002787   Thumb Code     0  startup_stm32f40_41xxx.o(.text)
    DMA2_Stream7_IRQHandler                  0x08002787   Thumb Code     0  startup_stm32f40_41xxx.o(.text)
    ETH_IRQHandler                           0x08002787   Thumb Code     0  startup_stm32f40_41xxx.o(.text)
    ETH_WKUP_IRQHandler                      0x08002787   Thumb Code     0  startup_stm32f40_41xxx.o(.text)
    EXTI0_IRQHandler                         0x08002787   Thumb Code     0  startup_stm32f40_41xxx.o(.text)
    EXTI15_10_IRQHandler                     0x08002787   Thumb Code     0  startup_stm32f40_41xxx.o(.text)
    EXTI1_IRQHandler                         0x08002787   Thumb Code     0  startup_stm32f40_41xxx.o(.text)
    EXTI2_IRQHandler                         0x08002787   Thumb Code     0  startup_stm32f40_41xxx.o(.text)
    EXTI3_IRQHandler                         0x08002787   Thumb Code     0  startup_stm32f40_41xxx.o(.text)
    EXTI4_IRQHandler                         0x08002787   Thumb Code     0  startup_stm32f40_41xxx.o(.text)
    EXTI9_5_IRQHandler                       0x08002787   Thumb Code     0  startup_stm32f40_41xxx.o(.text)
    FLASH_IRQHandler                         0x08002787   Thumb Code     0  startup_stm32f40_41xxx.o(.text)
    FPU_IRQHandler                           0x08002787   Thumb Code     0  startup_stm32f40_41xxx.o(.text)
    FSMC_IRQHandler                          0x08002787   Thumb Code     0  startup_stm32f40_41xxx.o(.text)
    HASH_RNG_IRQHandler                      0x08002787   Thumb Code     0  startup_stm32f40_41xxx.o(.text)
    I2C1_ER_IRQHandler                       0x08002787   Thumb Code     0  startup_stm32f40_41xxx.o(.text)
    I2C1_EV_IRQHandler                       0x08002787   Thumb Code     0  startup_stm32f40_41xxx.o(.text)
    I2C2_ER_IRQHandler                       0x08002787   Thumb Code     0  startup_stm32f40_41xxx.o(.text)
    I2C2_EV_IRQHandler                       0x08002787   Thumb Code     0  startup_stm32f40_41xxx.o(.text)
    I2C3_ER_IRQHandler                       0x08002787   Thumb Code     0  startup_stm32f40_41xxx.o(.text)
    I2C3_EV_IRQHandler                       0x08002787   Thumb Code     0  startup_stm32f40_41xxx.o(.text)
    OTG_FS_IRQHandler                        0x08002787   Thumb Code     0  startup_stm32f40_41xxx.o(.text)
    OTG_FS_WKUP_IRQHandler                   0x08002787   Thumb Code     0  startup_stm32f40_41xxx.o(.text)
    OTG_HS_EP1_IN_IRQHandler                 0x08002787   Thumb Code     0  startup_stm32f40_41xxx.o(.text)
    OTG_HS_EP1_OUT_IRQHandler                0x08002787   Thumb Code     0  startup_stm32f40_41xxx.o(.text)
    OTG_HS_IRQHandler                        0x08002787   Thumb Code     0  startup_stm32f40_41xxx.o(.text)
    OTG_HS_WKUP_IRQHandler                   0x08002787   Thumb Code     0  startup_stm32f40_41xxx.o(.text)
    PVD_IRQHandler                           0x08002787   Thumb Code     0  startup_stm32f40_41xxx.o(.text)
    RCC_IRQHandler                           0x08002787   Thumb Code     0  startup_stm32f40_41xxx.o(.text)
    SDIO_IRQHandler                          0x08002787   Thumb Code     0  startup_stm32f40_41xxx.o(.text)
    SPI1_IRQHandler                          0x08002787   Thumb Code     0  startup_stm32f40_41xxx.o(.text)
    SPI2_IRQHandler                          0x08002787   Thumb Code     0  startup_stm32f40_41xxx.o(.text)
    SPI3_IRQHandler                          0x08002787   Thumb Code     0  startup_stm32f40_41xxx.o(.text)
    TAMP_STAMP_IRQHandler                    0x08002787   Thumb Code     0  startup_stm32f40_41xxx.o(.text)
    TIM1_BRK_TIM9_IRQHandler                 0x08002787   Thumb Code     0  startup_stm32f40_41xxx.o(.text)
    TIM1_CC_IRQHandler                       0x08002787   Thumb Code     0  startup_stm32f40_41xxx.o(.text)
    TIM1_TRG_COM_TIM11_IRQHandler            0x08002787   Thumb Code     0  startup_stm32f40_41xxx.o(.text)
    TIM1_UP_TIM10_IRQHandler                 0x08002787   Thumb Code     0  startup_stm32f40_41xxx.o(.text)
    TIM2_IRQHandler                          0x08002787   Thumb Code     0  startup_stm32f40_41xxx.o(.text)
    TIM3_IRQHandler                          0x08002787   Thumb Code     0  startup_stm32f40_41xxx.o(.text)
    TIM4_IRQHandler                          0x08002787   Thumb Code     0  startup_stm32f40_41xxx.o(.text)
    TIM5_IRQHandler                          0x08002787   Thumb Code     0  startup_stm32f40_41xxx.o(.text)
    TIM6_DAC_IRQHandler                      0x08002787   Thumb Code     0  startup_stm32f40_41xxx.o(.text)
    TIM7_IRQHandler                          0x08002787   Thumb Code     0  startup_stm32f40_41xxx.o(.text)
    TIM8_BRK_TIM12_IRQHandler                0x08002787   Thumb Code     0  startup_stm32f40_41xxx.o(.text)
    TIM8_CC_IRQHandler                       0x08002787   Thumb Code     0  startup_stm32f40_41xxx.o(.text)
    TIM8_TRG_COM_TIM14_IRQHandler            0x08002787   Thumb Code     0  startup_stm32f40_41xxx.o(.text)
    TIM8_UP_TIM13_IRQHandler                 0x08002787   Thumb Code     0  startup_stm32f40_41xxx.o(.text)
    UART4_IRQHandler                         0x08002787   Thumb Code     0  startup_stm32f40_41xxx.o(.text)
    UART5_IRQHandler                         0x08002787   Thumb Code     0  startup_stm32f40_41xxx.o(.text)
    USART3_IRQHandler                        0x08002787   Thumb Code     0  startup_stm32f40_41xxx.o(.text)
    USART6_IRQHandler                        0x08002787   Thumb Code     0  startup_stm32f40_41xxx.o(.text)
    WWDG_IRQHandler                          0x08002787   Thumb Code     0  startup_stm32f40_41xxx.o(.text)
    __user_initial_stackheap                 0x08002789   Thumb Code     0  startup_stm32f40_41xxx.o(.text)
    delay_init                               0x080027ad   Thumb Code    52  delay.o(.text)
    delay_us                                 0x080027e1   Thumb Code    72  delay.o(.text)
    delay_xms                                0x08002829   Thumb Code    72  delay.o(.text)
    delay_ms                                 0x08002871   Thumb Code    56  delay.o(.text)
    LED_Init                                 0x080028b1   Thumb Code   104  led.o(.text)
    KEY_Init                                 0x08002921   Thumb Code    44  key.o(.text)
    SPI1_ReadWriteByte                       0x08002951   Thumb Code    50  spi.o(.text)
    SPI1_Init                                0x08002983   Thumb Code   186  spi.o(.text)
    SPI1_SetSpeed                            0x08002a3d   Thumb Code    36  spi.o(.text)
    SPI_Flash_Init                           0x08002a69   Thumb Code    60  flash.o(.text)
    SPI_Flash_ReadSR                         0x08002aa5   Thumb Code    42  flash.o(.text)
    SPI_FLASH_Write_SR                       0x08002acf   Thumb Code    38  flash.o(.text)
    SPI_FLASH_Write_Enable                   0x08002af5   Thumb Code    30  flash.o(.text)
    SPI_FLASH_Write_Disable                  0x08002b13   Thumb Code    30  flash.o(.text)
    SPI_Flash_ReadID                         0x08002b31   Thumb Code    70  flash.o(.text)
    SPI_Flash_Read                           0x08002b77   Thumb Code    82  flash.o(.text)
    SPI_Flash_Wait_Busy                      0x08002bc9   Thumb Code    18  flash.o(.text)
    SPI_Flash_Write_Page                     0x08002bdb   Thumb Code    88  flash.o(.text)
    SPI_Flash_Write_NoCheck                  0x08002c33   Thumb Code    70  flash.o(.text)
    SPI_Flash_Erase_Sector                   0x08002c79   Thumb Code    68  flash.o(.text)
    SPI_Flash_Write                          0x08002cbd   Thumb Code   176  flash.o(.text)
    SPI_Flash_Erase_Chip                     0x08002d6d   Thumb Code    42  flash.o(.text)
    SPI_Flash_PowerDown                      0x08002d97   Thumb Code    36  flash.o(.text)
    SPI_Flash_WAKEUP                         0x08002dbb   Thumb Code    36  flash.o(.text)
    flash_binplay                            0x08002ddf   Thumb Code   162  flash.o(.text)
    readflash_t                              0x08002e81   Thumb Code   122  xpt2046.o(.text)
    XPT2046_Init                             0x08002efb   Thumb Code    64  xpt2046.o(.text)
    TP_Write_Byte                            0x08002f3b   Thumb Code    66  xpt2046.o(.text)
    TP_Read_AD                               0x08002f7d   Thumb Code   142  xpt2046.o(.text)
    TP_Read_XOY                              0x0800300b   Thumb Code   120  xpt2046.o(.text)
    TP_Read_XY                               0x08003083   Thumb Code    38  xpt2046.o(.text)
    xpt2046ad                                0x080030a9   Thumb Code   256  xpt2046.o(.text)
    TFT_Cm                                   0x080031a9   Thumb Code   178  xpt2046.o(.text)
    Click_ble                                0x080032a9   Thumb Code    28  bleesp.o(.text)
    ble_led_block                            0x080032c5   Thumb Code   114  bleesp.o(.text)
    ble_esp_test                             0x08003337   Thumb Code  3098  bleesp.o(.text)
    DHT11_gpio_Init                          0x08003f75   Thumb Code    46  dht11.o(.text)
    DHT11_DataCheck                          0x08003fa3   Thumb Code   124  dht11.o(.text)
    Read_SensorData                          0x0800401f   Thumb Code   124  dht11.o(.text)
    DHT11_Read                               0x0800409b   Thumb Code   240  dht11.o(.text)
    RTC_Set_Time                             0x080041b1   Thumb Code    36  rtc.o(.text)
    RTC_Set_Date                             0x080041d5   Thumb Code    36  rtc.o(.text)
    My_RTC_Init                              0x080041f9   Thumb Code   138  rtc.o(.text)
    RTC_Set_AlarmA                           0x08004283   Thumb Code   158  rtc.o(.text)
    RTC_Set_WakeUp                           0x08004321   Thumb Code   108  rtc.o(.text)
    RTC_Alarm_IRQHandler                     0x0800438d   Thumb Code    36  rtc.o(.text)
    RTC_WKUP_IRQHandler                      0x080043b1   Thumb Code    38  rtc.o(.text)
    Time_scan                                0x080043d7   Thumb Code   436  rtc.o(.text)
    Click_T                                  0x0800458b   Thumb Code   234  rtc.o(.text)
    Time_Touch                               0x08004675   Thumb Code    38  rtc.o(.text)
    T_set_show                               0x0800469b   Thumb Code   344  rtc.o(.text)
    touch_set_T                              0x080047f3   Thumb Code  1504  rtc.o(.text)
    Time_set                                 0x08004dd3   Thumb Code   154  rtc.o(.text)
    _ttywrch                                 0x08004e79   Thumb Code     6  usart.o(.text)
    _sys_exit                                0x08004e7f   Thumb Code     6  usart.o(.text)
    fputc                                    0x08004e85   Thumb Code    32  usart.o(.text)
    uart_init                                0x08004ea5   Thumb Code   306  usart.o(.text)
    USART1_IRQHandler                        0x08004fd7   Thumb Code   122  usart.o(.text)
    Uart1SendStr                             0x08005051   Thumb Code    38  usart.o(.text)
    Uart2SendStr                             0x08005077   Thumb Code    38  usart.o(.text)
    USART2_IRQHandler                        0x0800509d   Thumb Code   328  usart.o(.text)
    Data_compare                             0x080051e5   Thumb Code    22  usart.o(.text)
    Data_compare2                            0x080051fb   Thumb Code    22  usart.o(.text)
    Data_compare3                            0x08005211   Thumb Code    22  usart.o(.text)
    Lcd_GPIO_Init                            0x08005261   Thumb Code    68  tft.o(.text)
    TFT_DATA                                 0x080052a5   Thumb Code    16  tft.o(.text)
    Lcd_WR_Reg                               0x080052b5   Thumb Code    34  tft.o(.text)
    Lcd_Write_Data                           0x080052d7   Thumb Code    34  tft.o(.text)
    Lcd_WriteReg                             0x080052f9   Thumb Code    20  tft.o(.text)
    LCD_ReadReg                              0x0800530d   Thumb Code   110  tft.o(.text)
    Address_set                              0x0800537b   Thumb Code   190  tft.o(.text)
    Lcd_Init                                 0x08005439   Thumb Code  1234  tft.o(.text)
    PutGB1616                                0x08005911   Thumb Code   366  gui.o(.text)
    GUI_Clear                                0x08005a7f   Thumb Code    56  gui.o(.text)
    GUI_Point                                0x08005ab7   Thumb Code    32  gui.o(.text)
    GUI_line                                 0x08005ad7   Thumb Code   174  gui.o(.text)
    gui_circle8                              0x08005b85   Thumb Code   132  gui.o(.text)
    GUI_arc                                  0x08005c09   Thumb Code   112  gui.o(.text)
    GUI_box                                  0x08005c79   Thumb Code    90  gui.o(.text)
    GUI_box10x10                             0x08005cd3   Thumb Code   128  gui.o(.text)
    GUI_sprintf_char                         0x08005d53   Thumb Code   268  gui.o(.text)
    GUI_sprintf_hzstr16x                     0x08005e5f   Thumb Code    92  gui.o(.text)
    GUI_sprintf_hzstr16h                     0x08005ebb   Thumb Code    92  gui.o(.text)
    GUI_sprintf_hz3232                       0x08005f17   Thumb Code   178  gui.o(.text)
    GUI_sprintf_ZM3216                       0x08005fc9   Thumb Code   354  gui.o(.text)
    GUI_sprintf_ZMHZs                        0x0800612b   Thumb Code    88  gui.o(.text)
    number                                   0x08006183   Thumb Code   218  gui.o(.text)
    number10                                 0x0800625d   Thumb Code    94  gui.o(.text)
    number100                                0x080062bb   Thumb Code   154  gui.o(.text)
    GUI_fill_box                             0x08006355   Thumb Code    52  gui.o(.text)
    GUI_arcrectangle                         0x08006389   Thumb Code   364  gui.o(.text)
    GUI_ver                                  0x080064f5   Thumb Code    64  gui.o(.text)
    GUI_triangle                             0x08006535   Thumb Code   122  gui.o(.text)
    Touch_key                                0x080065af   Thumb Code    90  gui.o(.text)
    Dialog_box                               0x08006609   Thumb Code   142  gui.o(.text)
    tian                                     0x08006697   Thumb Code   154  gui.o(.text)
    __use_no_semihosting                     0x08006749   Thumb Code     2  use_no_semi_2.o(.text)
    __2printf                                0x0800674d   Thumb Code    20  noretval__2printf.o(.text)
    __2sprintf                               0x08006765   Thumb Code    34  noretval__2sprintf.o(.text)
    _printf_pre_padding                      0x0800678d   Thumb Code    44  _printf_pad.o(.text)
    _printf_post_padding                     0x080067b9   Thumb Code    34  _printf_pad.o(.text)
    _printf_int_hex                          0x080067dd   Thumb Code    84  _printf_hex_int.o(.text)
    _printf_longlong_hex                     0x080067dd   Thumb Code     0  _printf_hex_int.o(.text)
    __printf                                 0x08006835   Thumb Code   270  __printf_wp.o(.text)
    strstr                                   0x08006943   Thumb Code    36  strstr.o(.text)
    __aeabi_memclr                           0x08006967   Thumb Code     0  rt_memclr.o(.text)
    __rt_memclr                              0x08006967   Thumb Code    68  rt_memclr.o(.text)
    _memset                                  0x0800696b   Thumb Code     0  rt_memclr.o(.text)
    __use_two_region_memory                  0x080069ab   Thumb Code     2  heapauxi.o(.text)
    __rt_heap_escrow$2region                 0x080069ad   Thumb Code     2  heapauxi.o(.text)
    __rt_heap_expand$2region                 0x080069af   Thumb Code     2  heapauxi.o(.text)
    __I$use$semihosting                      0x080069b1   Thumb Code     0  use_no_semi.o(.text)
    __use_no_semihosting_swi                 0x080069b1   Thumb Code     2  use_no_semi.o(.text)
    _printf_int_common                       0x080069b3   Thumb Code   178  _printf_intcommon.o(.text)
    _printf_char_common                      0x08006a6f   Thumb Code    32  _printf_char_common.o(.text)
    _sputc                                   0x08006a95   Thumb Code    10  _sputc.o(.text)
    _printf_char_file                        0x08006aa1   Thumb Code    32  _printf_char_file.o(.text)
    __aeabi_memclr4                          0x08006ac5   Thumb Code     0  rt_memclr_w.o(.text)
    __aeabi_memclr8                          0x08006ac5   Thumb Code     0  rt_memclr_w.o(.text)
    __rt_memclr_w                            0x08006ac5   Thumb Code    78  rt_memclr_w.o(.text)
    _memset_w                                0x08006ac9   Thumb Code     0  rt_memclr_w.o(.text)
    ferror                                   0x08006b13   Thumb Code     8  ferror.o(.text)
    __user_setup_stackheap                   0x08006b1b   Thumb Code    74  sys_stackheap_outer.o(.text)
    exit                                     0x08006b65   Thumb Code    18  exit.o(.text)
    __user_libspace                          0x08006b79   Thumb Code     8  libspace.o(.text)
    __user_perproc_libspace                  0x08006b79   Thumb Code     0  libspace.o(.text)
    __user_perthread_libspace                0x08006b79   Thumb Code     0  libspace.o(.text)
    _is_digit                                0x08006b81   Thumb Code    14  __printf_wp.o(i._is_digit)
    __aeabi_dadd                             0x08006b91   Thumb Code     0  daddsub_clz.o(x$fpl$dadd)
    _dadd                                    0x08006b91   Thumb Code   332  daddsub_clz.o(x$fpl$dadd)
    __aeabi_d2uiz                            0x08006ce1   Thumb Code     0  dfixu.o(x$fpl$dfixu)
    _dfixu                                   0x08006ce1   Thumb Code    90  dfixu.o(x$fpl$dfixu)
    __aeabi_ui2d                             0x08006d3b   Thumb Code     0  dflt_clz.o(x$fpl$dfltu)
    _dfltu                                   0x08006d3b   Thumb Code    38  dflt_clz.o(x$fpl$dfltu)
    __aeabi_dmul                             0x08006d61   Thumb Code     0  dmul.o(x$fpl$dmul)
    _dmul                                    0x08006d61   Thumb Code   332  dmul.o(x$fpl$dmul)
    __fpl_dnaninf                            0x08006eb5   Thumb Code   156  dnaninf.o(x$fpl$dnaninf)
    __fpl_dretinf                            0x08006f51   Thumb Code    12  dretinf.o(x$fpl$dretinf)
    __aeabi_drsub                            0x08006f5d   Thumb Code     0  daddsub_clz.o(x$fpl$drsb)
    _drsb                                    0x08006f5d   Thumb Code    22  daddsub_clz.o(x$fpl$drsb)
    __aeabi_dsub                             0x08006f75   Thumb Code     0  daddsub_clz.o(x$fpl$dsub)
    _dsub                                    0x08006f75   Thumb Code   464  daddsub_clz.o(x$fpl$dsub)
    _fp_init                                 0x08007149   Thumb Code    10  fpinit.o(x$fpl$fpinit)
    __fplib_config_fpu_vfp                   0x08007151   Thumb Code     0  fpinit.o(x$fpl$fpinit)
    __fplib_config_pureend_doubles           0x08007151   Thumb Code     0  fpinit.o(x$fpl$fpinit)
    __I$use$fp                               0x08007152   Number         0  usenofp.o(x$fpl$usenofp)
    zifu816                                  0x08007152   Data        1552  gui.o(.constdata)
    codeHZ_32                                0x08007762   Data        2358  gui.o(.constdata)
    codeZM_32c                               0x08008098   Data        1139  gui.o(.constdata)
    codeZM_32x                               0x0800850b   Data         737  gui.o(.constdata)
    Region$$Table$$Base                      0x08008814   Number         0  anon$$obj.o(Region$$Table)
    Region$$Table$$Limit                     0x08008834   Number         0  anon$$obj.o(Region$$Table)
    SystemCoreClock                          0x20000000   Data           4  system_stm32f4xx.o(.data)
    AHBPrescTable                            0x20000004   Data          16  system_stm32f4xx.o(.data)
    T_flash                                  0x20000028   Data           8  xpt2046.o(.data)
    CMD_RDX                                  0x20000030   Data           1  xpt2046.o(.data)
    CMD_RDY                                  0x20000031   Data           1  xpt2046.o(.data)
    ble                                      0x20000034   Data           3  bleesp.o(.data)
    led1_open_m                              0x20000037   Data          10  bleesp.o(.data)
    led1_close_m                             0x20000041   Data          11  bleesp.o(.data)
    led2_open_m                              0x2000004c   Data          10  bleesp.o(.data)
    led2_close_m                             0x20000056   Data          11  bleesp.o(.data)
    fm_open_m                                0x20000061   Data           8  bleesp.o(.data)
    fm_close_m                               0x20000069   Data           9  bleesp.o(.data)
    led1_open                                0x20000072   Data          16  bleesp.o(.data)
    led1_close                               0x20000082   Data          17  bleesp.o(.data)
    led2_open                                0x20000093   Data          16  bleesp.o(.data)
    led2_close                               0x200000a3   Data          17  bleesp.o(.data)
    fm_open                                  0x200000b4   Data          14  bleesp.o(.data)
    fm_close                                 0x200000c2   Data          15  bleesp.o(.data)
    time_ok                                  0x200000d1   Data          18  bleesp.o(.data)
    inst_error                               0x200000e3   Data          21  bleesp.o(.data)
    esp_at                                   0x200000f8   Data           5  bleesp.o(.data)
    esp_cwmode                               0x200000fd   Data          14  bleesp.o(.data)
    esp_cifsr                                0x2000010b   Data          11  bleesp.o(.data)
    esp_cipsend                              0x20000116   Data          14  bleesp.o(.data)
    esp_cipserver                            0x20000124   Data          22  bleesp.o(.data)
    esp_cipmux                               0x2000013a   Data          14  bleesp.o(.data)
    esp_rst                                  0x20000148   Data           9  bleesp.o(.data)
    esp_init                                 0x20000151   Data           1  bleesp.o(.data)
    suf                                      0x20000152   Data           1  bleesp.o(.data)
    z_bz                                     0x20000153   Data           1  bleesp.o(.data)
    dht11_num                                0x20000154   Data           4  bleesp.o(.data)
    bel_num                                  0x20000158   Data           4  bleesp.o(.data)
    ble_sta                                  0x2000015c   Data           1  bleesp.o(.data)
    T_tmp                                    0x2000015d   Data           7  bleesp.o(.data)
    DHT_Hpvalue                              0x20000164   Data           4  dht11.o(.data)
    DHT_Tempvalue                            0x20000168   Data           4  dht11.o(.data)
    DHT_SensorData                           0x2000016c   Data           5  dht11.o(.data)
    Sensor_AnswerFlag                        0x20000171   Data           1  dht11.o(.data)
    Sensor_ErrorFlag                         0x20000172   Data           1  dht11.o(.data)
    Sys_CNT                                  0x20000174   Data           2  dht11.o(.data)
    NVIC_InitStructure                       0x20000176   Data           4  rtc.o(.data)
    RTC_TimeStruct                           0x2000017a   Data           4  rtc.o(.data)
    RTC_DateStruct                           0x2000017e   Data           4  rtc.o(.data)
    time                                     0x20000182   Data           1  rtc.o(.data)
    __stdout                                 0x20000184   Data           4  usart.o(.data)
    USART_RX_STA                             0x20000188   Data           2  usart.o(.data)
    re_data                                  0x2000018a   Data           1  usart.o(.data)
    re_stbz                                  0x2000018b   Data           1  usart.o(.data)
    s_QG                                     0x2000018c   Data           2  usart.o(.data)
    receive_end                              0x2000018e   Data           1  usart.o(.data)
    RX2_num                                  0x2000018f   Data           1  usart.o(.data)
    lcd_id                                   0x20000190   Data           2  tft.o(.data)
    SPI_FLASH_BUF                            0x20000194   Data        4096  flash.o(.bss)
    tbuf                                     0x20001194   Data         512  flash.o(.bss)
    flash_tp                                 0x20001394   Data           9  xpt2046.o(.bss)
    dht_array                                0x2000139d   Data          20  bleesp.o(.bss)
    USART_RX_BUF                             0x200013b1   Data         200  usart.o(.bss)
    RX2_buffer                               0x20001479   Data          50  usart.o(.bss)
    u2receive_str                            0x200014ab   Data          20  usart.o(.bss)
    esp_recive                               0x200014bf   Data          10  usart.o(.bss)
    __libspace_start                         0x200014cc   Data          96  libspace.o(.bss)
    __temporary_stack_top$libspace           0x2000152c   Data           0  libspace.o(.bss)



==============================================================================

Memory Map of the image

  Image Entry point : 0x08000189

  Load Region LR_IROM1 (Base: 0x08000000, Size: 0x000089c8, Max: 0x00080000, ABSOLUTE, COMPRESSED[0x000088f4])

    Execution Region ER_IROM1 (Base: 0x08000000, Size: 0x00008834, Max: 0x00080000, ABSOLUTE)

    Base Addr    Size         Type   Attr      Idx    E Section Name        Object

    0x08000000   0x00000188   Data   RO          465    RESET               startup_stm32f40_41xxx.o
    0x08000188   0x00000008   Code   RO          906  * !!!main             c_w.l(__main.o)
    0x08000190   0x00000034   Code   RO         1101    !!!scatter          c_w.l(__scatter.o)
    0x080001c4   0x0000005a   Code   RO         1099    !!dczerorl2         c_w.l(__dczerorl2.o)
    0x0800021e   0x00000002   PAD
    0x08000220   0x0000001c   Code   RO         1103    !!handler_zi        c_w.l(__scatter_zi.o)
    0x0800023c   0x00000000   Code   RO          899    .ARM.Collect$$_printf_percent$$00000000  c_w.l(_printf_percent.o)
    0x0800023c   0x00000006   Code   RO          898    .ARM.Collect$$_printf_percent$$0000000C  c_w.l(_printf_x.o)
    0x08000242   0x00000004   Code   RO          937    .ARM.Collect$$_printf_percent$$00000017  c_w.l(_printf_percent_end.o)
    0x08000246   0x00000002   Code   RO          975    .ARM.Collect$$libinit$$00000000  c_w.l(libinit.o)
    0x08000248   0x00000004   Code   RO          981    .ARM.Collect$$libinit$$00000001  c_w.l(libinit2.o)
    0x0800024c   0x00000000   Code   RO          984    .ARM.Collect$$libinit$$00000004  c_w.l(libinit2.o)
    0x0800024c   0x00000000   Code   RO          987    .ARM.Collect$$libinit$$0000000A  c_w.l(libinit2.o)
    0x0800024c   0x00000000   Code   RO          989    .ARM.Collect$$libinit$$0000000C  c_w.l(libinit2.o)
    0x0800024c   0x00000000   Code   RO          991    .ARM.Collect$$libinit$$0000000E  c_w.l(libinit2.o)
    0x0800024c   0x00000000   Code   RO          994    .ARM.Collect$$libinit$$00000011  c_w.l(libinit2.o)
    0x0800024c   0x00000000   Code   RO          996    .ARM.Collect$$libinit$$00000013  c_w.l(libinit2.o)
    0x0800024c   0x00000000   Code   RO          998    .ARM.Collect$$libinit$$00000015  c_w.l(libinit2.o)
    0x0800024c   0x00000000   Code   RO         1000    .ARM.Collect$$libinit$$00000017  c_w.l(libinit2.o)
    0x0800024c   0x00000000   Code   RO         1002    .ARM.Collect$$libinit$$00000019  c_w.l(libinit2.o)
    0x0800024c   0x00000000   Code   RO         1004    .ARM.Collect$$libinit$$0000001B  c_w.l(libinit2.o)
    0x0800024c   0x00000000   Code   RO         1006    .ARM.Collect$$libinit$$0000001D  c_w.l(libinit2.o)
    0x0800024c   0x00000000   Code   RO         1008    .ARM.Collect$$libinit$$0000001F  c_w.l(libinit2.o)
    0x0800024c   0x00000000   Code   RO         1010    .ARM.Collect$$libinit$$00000021  c_w.l(libinit2.o)
    0x0800024c   0x00000000   Code   RO         1012    .ARM.Collect$$libinit$$00000023  c_w.l(libinit2.o)
    0x0800024c   0x00000000   Code   RO         1014    .ARM.Collect$$libinit$$00000025  c_w.l(libinit2.o)
    0x0800024c   0x00000000   Code   RO         1018    .ARM.Collect$$libinit$$0000002C  c_w.l(libinit2.o)
    0x0800024c   0x00000000   Code   RO         1020    .ARM.Collect$$libinit$$0000002E  c_w.l(libinit2.o)
    0x0800024c   0x00000000   Code   RO         1022    .ARM.Collect$$libinit$$00000030  c_w.l(libinit2.o)
    0x0800024c   0x00000000   Code   RO         1024    .ARM.Collect$$libinit$$00000032  c_w.l(libinit2.o)
    0x0800024c   0x00000002   Code   RO         1025    .ARM.Collect$$libinit$$00000033  c_w.l(libinit2.o)
    0x0800024e   0x00000002   Code   RO         1043    .ARM.Collect$$libshutdown$$00000000  c_w.l(libshutdown.o)
    0x08000250   0x00000000   Code   RO         1053    .ARM.Collect$$libshutdown$$00000002  c_w.l(libshutdown2.o)
    0x08000250   0x00000000   Code   RO         1055    .ARM.Collect$$libshutdown$$00000004  c_w.l(libshutdown2.o)
    0x08000250   0x00000000   Code   RO         1058    .ARM.Collect$$libshutdown$$00000007  c_w.l(libshutdown2.o)
    0x08000250   0x00000000   Code   RO         1061    .ARM.Collect$$libshutdown$$0000000A  c_w.l(libshutdown2.o)
    0x08000250   0x00000000   Code   RO         1063    .ARM.Collect$$libshutdown$$0000000C  c_w.l(libshutdown2.o)
    0x08000250   0x00000000   Code   RO         1066    .ARM.Collect$$libshutdown$$0000000F  c_w.l(libshutdown2.o)
    0x08000250   0x00000002   Code   RO         1067    .ARM.Collect$$libshutdown$$00000010  c_w.l(libshutdown2.o)
    0x08000252   0x00000000   Code   RO          928    .ARM.Collect$$rtentry$$00000000  c_w.l(__rtentry.o)
    0x08000252   0x00000000   Code   RO          946    .ARM.Collect$$rtentry$$00000002  c_w.l(__rtentry2.o)
    0x08000252   0x00000006   Code   RO          958    .ARM.Collect$$rtentry$$00000004  c_w.l(__rtentry4.o)
    0x08000258   0x00000000   Code   RO          948    .ARM.Collect$$rtentry$$00000009  c_w.l(__rtentry2.o)
    0x08000258   0x00000004   Code   RO          949    .ARM.Collect$$rtentry$$0000000A  c_w.l(__rtentry2.o)
    0x0800025c   0x00000000   Code   RO          951    .ARM.Collect$$rtentry$$0000000C  c_w.l(__rtentry2.o)
    0x0800025c   0x00000008   Code   RO          952    .ARM.Collect$$rtentry$$0000000D  c_w.l(__rtentry2.o)
    0x08000264   0x00000002   Code   RO          979    .ARM.Collect$$rtexit$$00000000  c_w.l(rtexit.o)
    0x08000266   0x00000000   Code   RO         1027    .ARM.Collect$$rtexit$$00000002  c_w.l(rtexit2.o)
    0x08000266   0x00000004   Code   RO         1028    .ARM.Collect$$rtexit$$00000003  c_w.l(rtexit2.o)
    0x0800026a   0x00000006   Code   RO         1029    .ARM.Collect$$rtexit$$00000004  c_w.l(rtexit2.o)
    0x08000270   0x0000004a   Code   RO            3    .text               main.o
    0x080002ba   0x0000001a   Code   RO          168    .text               stm32f4xx_it.o
    0x080002d4   0x00000210   Code   RO          191    .text               system_stm32f4xx.o
    0x080004e4   0x000000e0   Code   RO          217    .text               misc.o
    0x080005c4   0x00000294   Code   RO          263    .text               stm32f4xx_gpio.o
    0x08000858   0x0000065c   Code   RO          283    .text               stm32f4xx_rcc.o
    0x08000eb4   0x00000454   Code   RO          305    .text               stm32f4xx_usart.o
    0x08001308   0x00000480   Code   RO          345    .text               stm32f4xx_spi.o
    0x08001788   0x00000d68   Code   RO          405    .text               stm32f4xx_rtc.o
    0x080024f0   0x0000016c   Code   RO          425    .text               stm32f4xx_pwr.o
    0x0800265c   0x00000110   Code   RO          445    .text               stm32f4xx_exti.o
    0x0800276c   0x00000040   Code   RO          466    .text               startup_stm32f40_41xxx.o
    0x080027ac   0x00000104   Code   RO          472    .text               delay.o
    0x080028b0   0x00000070   Code   RO          497    .text               led.o
    0x08002920   0x00000030   Code   RO          520    .text               key.o
    0x08002950   0x00000118   Code   RO          540    .text               spi.o
    0x08002a68   0x00000418   Code   RO          560    .text               flash.o
    0x08002e80   0x00000428   Code   RO          592    .text               xpt2046.o
    0x080032a8   0x00000ccc   Code   RO          626    .text               bleesp.o
    0x08003f74   0x0000023c   Code   RO          690    .text               dht11.o
    0x080041b0   0x00000cc8   Code   RO          719    .text               rtc.o
    0x08004e78   0x000003e8   Code   RO          749    .text               usart.o
    0x08005260   0x000006b0   Code   RO          788    .text               tft.o
    0x08005910   0x00000e38   Code   RO          811    .text               gui.o
    0x08006748   0x00000002   Code   RO          843    .text               c_w.l(use_no_semi_2.o)
    0x0800674a   0x00000002   PAD
    0x0800674c   0x00000018   Code   RO          849    .text               c_w.l(noretval__2printf.o)
    0x08006764   0x00000028   Code   RO          851    .text               c_w.l(noretval__2sprintf.o)
    0x0800678c   0x0000004e   Code   RO          855    .text               c_w.l(_printf_pad.o)
    0x080067da   0x00000002   PAD
    0x080067dc   0x00000058   Code   RO          860    .text               c_w.l(_printf_hex_int.o)
    0x08006834   0x0000010e   Code   RO          886    .text               c_w.l(__printf_wp.o)
    0x08006942   0x00000024   Code   RO          900    .text               c_w.l(strstr.o)
    0x08006966   0x00000044   Code   RO          902    .text               c_w.l(rt_memclr.o)
    0x080069aa   0x00000006   Code   RO          904    .text               c_w.l(heapauxi.o)
    0x080069b0   0x00000002   Code   RO          926    .text               c_w.l(use_no_semi.o)
    0x080069b2   0x000000b2   Code   RO          929    .text               c_w.l(_printf_intcommon.o)
    0x08006a64   0x00000030   Code   RO          931    .text               c_w.l(_printf_char_common.o)
    0x08006a94   0x0000000a   Code   RO          933    .text               c_w.l(_sputc.o)
    0x08006a9e   0x00000002   PAD
    0x08006aa0   0x00000024   Code   RO          935    .text               c_w.l(_printf_char_file.o)
    0x08006ac4   0x0000004e   Code   RO          938    .text               c_w.l(rt_memclr_w.o)
    0x08006b12   0x00000008   Code   RO          962    .text               c_w.l(ferror.o)
    0x08006b1a   0x0000004a   Code   RO          966    .text               c_w.l(sys_stackheap_outer.o)
    0x08006b64   0x00000012   Code   RO          968    .text               c_w.l(exit.o)
    0x08006b76   0x00000002   PAD
    0x08006b78   0x00000008   Code   RO          976    .text               c_w.l(libspace.o)
    0x08006b80   0x0000000e   Code   RO          888    i._is_digit         c_w.l(__printf_wp.o)
    0x08006b8e   0x00000002   PAD
    0x08006b90   0x00000150   Code   RO          908    x$fpl$dadd          fz_wm.l(daddsub_clz.o)
    0x08006ce0   0x0000005a   Code   RO          914    x$fpl$dfixu         fz_wm.l(dfixu.o)
    0x08006d3a   0x00000026   Code   RO          918    x$fpl$dfltu         fz_wm.l(dflt_clz.o)
    0x08006d60   0x00000154   Code   RO          924    x$fpl$dmul          fz_wm.l(dmul.o)
    0x08006eb4   0x0000009c   Code   RO          940    x$fpl$dnaninf       fz_wm.l(dnaninf.o)
    0x08006f50   0x0000000c   Code   RO          942    x$fpl$dretinf       fz_wm.l(dretinf.o)
    0x08006f5c   0x00000016   Code   RO          909    x$fpl$drsb          fz_wm.l(daddsub_clz.o)
    0x08006f72   0x00000002   PAD
    0x08006f74   0x000001d4   Code   RO          910    x$fpl$dsub          fz_wm.l(daddsub_clz.o)
    0x08007148   0x0000000a   Code   RO         1035    x$fpl$fpinit        fz_wm.l(fpinit.o)
    0x08007152   0x00000000   Code   RO          944    x$fpl$usenofp       fz_wm.l(usenofp.o)
    0x08007152   0x0000169a   Data   RO          812    .constdata          gui.o
    0x080087ec   0x00000028   Data   RO          861    .constdata          c_w.l(_printf_hex_int.o)
    0x08008814   0x00000020   Data   RO         1097    Region$$Table       anon$$obj.o


    Execution Region RW_IRAM1 (Base: 0x20000000, Size: 0x00001b30, Max: 0x00020000, ABSOLUTE, COMPRESSED[0x000000c0])

    Base Addr    Size         Type   Attr      Idx    E Section Name        Object

    0x20000000   0x00000014   Data   RW          192    .data               system_stm32f4xx.o
    0x20000014   0x00000010   Data   RW          284    .data               stm32f4xx_rcc.o
    0x20000024   0x00000004   Data   RW          473    .data               delay.o
    0x20000028   0x0000000a   Data   RW          594    .data               xpt2046.o
    0x20000032   0x00000002   PAD
    0x20000034   0x00000130   Data   RW          628    .data               bleesp.o
    0x20000164   0x00000012   Data   RW          691    .data               dht11.o
    0x20000176   0x0000000d   Data   RW          720    .data               rtc.o
    0x20000183   0x00000001   PAD
    0x20000184   0x0000000c   Data   RW          751    .data               usart.o
    0x20000190   0x00000002   Data   RW          789    .data               tft.o
    0x20000192   0x00000002   PAD
    0x20000194   0x00001200   Zero   RW          561    .bss                flash.o
    0x20001394   0x00000009   Zero   RW          593    .bss                xpt2046.o
    0x2000139d   0x00000014   Zero   RW          627    .bss                bleesp.o
    0x200013b1   0x00000118   Zero   RW          750    .bss                usart.o
    0x200014c9   0x00000003   PAD
    0x200014cc   0x00000060   Zero   RW          977    .bss                c_w.l(libspace.o)
    0x2000152c   0x00000004   PAD
    0x20001530   0x00000200   Zero   RW          464    HEAP                startup_stm32f40_41xxx.o
    0x20001730   0x00000400   Zero   RW          463    STACK               startup_stm32f40_41xxx.o


==============================================================================

Image component sizes


      Code (inc. data)   RO Data    RW Data    ZI Data      Debug   Object Name

      3276        788          0        304         20       5219   bleesp.o
       260          8          0          4          0       1701   delay.o
       572         38          0         18          0       2715   dht11.o
      1048         14          0          0       4608       5477   flash.o
      3640         40       5786          0          0      14042   gui.o
        48          4          0          0          0        639   key.o
       112          8          0          0          0        679   led.o
        74          0          0          0          0      56903   main.o
       224         20          0          0          0     233901   misc.o
      3272        218          0         13          0       6116   rtc.o
       280          8          0          0          0       1209   spi.o
        64         26        392          0       1536        932   startup_stm32f40_41xxx.o
       272         10          0          0          0       2531   stm32f4xx_exti.o
       660         44          0          0          0       4401   stm32f4xx_gpio.o
        26          0          0          0          0       1346   stm32f4xx_it.o
       364         12          0          0          0       3915   stm32f4xx_pwr.o
      1628         52          0         16          0      13400   stm32f4xx_rcc.o
      3432         44          0          0          0      15676   stm32f4xx_rtc.o
      1152         36          0          0          0       7153   stm32f4xx_spi.o
      1108         34          0          0          0       8128   stm32f4xx_usart.o
       528         46          0         20          0       2143   system_stm32f4xx.o
      1712         38          0          2          0       3506   tft.o
      1000         58          0         12        280       5661   usart.o
      1064         78          0         10          9       4791   xpt2046.o

    ----------------------------------------------------------------------
     25816       1624       6210        404       6456     402184   Object Totals
         0          0         32          0          0          0   (incl. Generated)
         0          0          0          5          3          0   (incl. Padding)

    ----------------------------------------------------------------------

      Code (inc. data)   RO Data    RW Data    ZI Data      Debug   Library Member Name

        90          0          0          0          0          0   __dczerorl2.o
         8          0          0          0          0         68   __main.o
       284          0          0          0          0        156   __printf_wp.o
         0          0          0          0          0          0   __rtentry.o
        12          0          0          0          0          0   __rtentry2.o
         6          0          0          0          0          0   __rtentry4.o
        52          8          0          0          0          0   __scatter.o
        28          0          0          0          0          0   __scatter_zi.o
        48          6          0          0          0         96   _printf_char_common.o
        36          4          0          0          0         80   _printf_char_file.o
        88          4         40          0          0         88   _printf_hex_int.o
       178          0          0          0          0         88   _printf_intcommon.o
        78          0          0          0          0        108   _printf_pad.o
         0          0          0          0          0          0   _printf_percent.o
         4          0          0          0          0          0   _printf_percent_end.o
         6          0          0          0          0          0   _printf_x.o
        10          0          0          0          0         68   _sputc.o
        18          0          0          0          0         80   exit.o
         8          0          0          0          0         68   ferror.o
         6          0          0          0          0        152   heapauxi.o
         2          0          0          0          0          0   libinit.o
         6          0          0          0          0          0   libinit2.o
         2          0          0          0          0          0   libshutdown.o
         2          0          0          0          0          0   libshutdown2.o
         8          4          0          0         96         68   libspace.o
        24          4          0          0          0         84   noretval__2printf.o
        40          6          0          0          0         84   noretval__2sprintf.o
        68          0          0          0          0         68   rt_memclr.o
        78          0          0          0          0         80   rt_memclr_w.o
         2          0          0          0          0          0   rtexit.o
        10          0          0          0          0          0   rtexit2.o
        36          0          0          0          0         80   strstr.o
        74          0          0          0          0         80   sys_stackheap_outer.o
         2          0          0          0          0         68   use_no_semi.o
         2          0          0          0          0         68   use_no_semi_2.o
       826         16          0          0          0        492   daddsub_clz.o
        90          4          0          0          0        140   dfixu.o
        38          0          0          0          0        116   dflt_clz.o
       340         12          0          0          0        152   dmul.o
       156          4          0          0          0        140   dnaninf.o
        12          0          0          0          0        116   dretinf.o
        10          0          0          0          0        116   fpinit.o
         0          0          0          0          0          0   usenofp.o

    ----------------------------------------------------------------------
      2802         72         40          0        100       3004   Library Totals
        14          0          0          0          4          0   (incl. Padding)

    ----------------------------------------------------------------------

      Code (inc. data)   RO Data    RW Data    ZI Data      Debug   Library Name

      1316         36         40          0         96       1732   c_w.l
      1472         36          0          0          0       1272   fz_wm.l

    ----------------------------------------------------------------------
      2802         72         40          0        100       3004   Library Totals

    ----------------------------------------------------------------------

==============================================================================


      Code (inc. data)   RO Data    RW Data    ZI Data      Debug   

     28618       1696       6250        404       6556     398804   Grand Totals
     28618       1696       6250        192       6556     398804   ELF Image Totals (compressed)
     28618       1696       6250        192          0          0   ROM Totals

==============================================================================

    Total RO  Size (Code + RO Data)                34868 (  34.05kB)
    Total RW  Size (RW Data + ZI Data)              6960 (   6.80kB)
    Total ROM Size (Code + RO Data + RW Data)      35060 (  34.24kB)

==============================================================================

